2026-09-20 08:00:00 INFO monitoring-service Alert evaluated: no action
2026-09-20 08:00:02 level=DEBUG service=database-service component=database-service request_id=req-143941 trace_id=trace-52358553 user_id=user-6080 status_code=200 latency_ms=66 message="Connection acquired from pool"
2026-09-20 08:00:04 level=INFO service=redis-service component=redis-service request_id=req-778324 trace_id=trace-35649468 user_id=user-5687 status_code=200 latency_ms=207 message="Cache warmed"
2026-09-20 08:00:06 INFO inventory-service Stock level checked
2026-09-20 08:00:08 INFO inventory-service Inventory reserved
2026-09-20 08:00:10 INFO notification-service Push notification sent
2026-09-20 08:00:12 INFO auth-service Session created
2026-09-20 08:00:14 INFO monitoring-service Metrics scraped
2026-09-20 08:00:16 INFO payment-service Payment authorized
2026-09-20 08:00:18 INFO inventory-service Inventory reserved
2026-09-20 08:00:20 level=INFO service=order-service component=order-service request_id=req-468623 trace_id=trace-70012727 user_id=user-1693 status_code=200 latency_ms=128 message="Order status updated"
2026-09-20 08:00:22 INFO scheduler-service Scheduled job completed
2026-09-20 08:00:24 level=INFO service=notification-service component=notification-service request_id=req-525942 trace_id=trace-58762794 user_id=user-9406 status_code=200 latency_ms=178 message="Email queued"
2026-09-20 08:00:26 INFO monitoring-service Metrics scraped
2026-09-20 08:00:28 level=INFO service=auth-service component=auth-service request_id=req-347459 trace_id=trace-96592295 user_id=user-7001 status_code=200 latency_ms=32 message="Session created"
2026-09-20 08:00:30 level=INFO service=inventory-service component=inventory-service request_id=req-812048 trace_id=trace-70387584 user_id=user-7077 status_code=200 latency_ms=54 message="Inventory released"
2026-09-20 08:00:32 INFO inventory-service Stock level checked
2026-09-20 08:00:34 INFO redis-service Key expired normally
2026-09-20 08:00:36 WARNING user-service User profile fetched
2026-09-20 08:00:38 level=INFO service=database-service component=database-service request_id=req-838237 trace_id=trace-69897763 user_id=user-4515 status_code=200 latency_ms=81 message="Query executed successfully"
2026-09-20 08:00:40 level=INFO service=search-service component=search-service request_id=req-994253 trace_id=trace-19939096 user_id=user-8406 status_code=200 latency_ms=49 message="Index refreshed"
2026-09-20 08:00:42 INFO auth-service Session created
2026-09-20 08:00:44 INFO monitoring-service Health probe OK
2026-09-20 08:00:46 level=INFO service=scheduler-service component=scheduler-service request_id=req-992717 trace_id=trace-31139996 user_id=user-3852 status_code=200 latency_ms=91 message="Cron tick processed"
2026-09-20 08:00:48 level=INFO service=monitoring-service component=monitoring-service request_id=req-930541 trace_id=trace-28639738 user_id=user-4878 status_code=200 latency_ms=66 message="Metrics scraped"
2026-09-20 08:00:50 INFO monitoring-service Health probe OK
2026-09-20 08:00:52 level=INFO service=inventory-service component=inventory-service request_id=req-190403 trace_id=trace-18824561 user_id=user-6067 status_code=200 latency_ms=241 message="Inventory released"
2026-09-20 08:00:54 WARNING notification-service SMS delivered
2026-09-20 08:00:56 level=INFO service=notification-service component=notification-service request_id=req-773540 trace_id=trace-19954260 user_id=user-8372 status_code=200 latency_ms=96 message="SMS delivered"
2026-09-20 08:00:58 level=INFO service=database-service component=database-service request_id=req-918164 trace_id=trace-83994695 user_id=user-3981 status_code=200 latency_ms=227 message="Transaction committed"
2026-09-20 08:01:00 WARNING monitoring-service Health probe OK
2026-09-20 08:01:02 level=INFO service=api-gateway component=api-gateway request_id=req-269834 trace_id=trace-53306792 user_id=user-4694 status_code=200 latency_ms=57 message="Response sent"
2026-09-20 08:01:04 INFO inventory-service Inventory released
2026-09-20 08:01:06 level=INFO service=payment-service component=payment-service request_id=req-417534 trace_id=trace-92467167 user_id=user-9740 status_code=200 latency_ms=175 message="Payment gateway responded 200"
2026-09-20 08:01:08 INFO payment-service Payment authorized
2026-09-20 08:01:10 INFO search-service Query results returned
2026-09-20 08:01:12 level=INFO service=search-service component=search-service request_id=req-129751 trace_id=trace-20901547 user_id=user-1744 status_code=200 latency_ms=236 message="Query results returned"
2026-09-20 08:01:14 INFO worker-service Job completed successfully
2026-09-20 08:01:16 INFO monitoring-service Alert evaluated: no action
2026-09-20 08:01:18 INFO database-service Transaction committed
2026-09-20 08:01:20 level=INFO service=order-service component=order-service request_id=req-822063 trace_id=trace-18041391 user_id=user-3589 status_code=200 latency_ms=33 message="Order status updated"
2026-09-20 08:01:22 level=INFO service=database-service component=database-service request_id=req-250647 trace_id=trace-51954112 user_id=user-6231 status_code=200 latency_ms=170 message="Index scan completed"
2026-09-20 08:01:24 WARNING scheduler-service Scheduled job completed
2026-09-20 08:01:26 INFO auth-service Logout successful
2026-09-20 08:01:28 level=INFO service=inventory-service component=inventory-service request_id=req-247720 trace_id=trace-22993840 user_id=user-1829 status_code=200 latency_ms=78 message="Stock level checked"
2026-09-20 08:01:30 level=INFO service=order-service component=order-service request_id=req-267457 trace_id=trace-53947691 user_id=user-6123 status_code=200 latency_ms=236 message="Order status updated"
2026-09-20 08:01:32 INFO user-service Profile cache warmed
2026-09-20 08:01:34 INFO database-service Transaction committed
2026-09-20 08:01:36 INFO payment-service Payment gateway responded 200
2026-09-20 08:01:38 level=INFO service=user-service component=user-service request_id=req-618934 trace_id=trace-90197611 user_id=user-8710 status_code=200 latency_ms=87 message="User created"
2026-09-20 08:01:40 INFO order-service Order created
2026-09-20 08:01:42 INFO order-service Order status updated
2026-09-20 08:01:44 level=INFO service=notification-service component=notification-service request_id=req-402620 trace_id=trace-19869264 user_id=user-7329 status_code=200 latency_ms=156 message="SMS delivered"
2026-09-20 08:01:46 INFO redis-service Key expired normally
2026-09-20 08:01:48 level=INFO service=search-service component=search-service request_id=req-513037 trace_id=trace-60089832 user_id=user-6555 status_code=200 latency_ms=39 message="Search query executed"
2026-09-20 08:01:50 level=INFO service=redis-service component=redis-service request_id=req-520884 trace_id=trace-77119320 user_id=user-1659 status_code=200 latency_ms=145 message="Cache set"
2026-09-20 08:01:52 DEBUG api-gateway TLS handshake completed
2026-09-20 08:01:54 INFO database-service Connection acquired from pool
2026-09-20 08:01:56 level=INFO service=redis-service component=redis-service request_id=req-875232 trace_id=trace-50162553 user_id=user-6511 status_code=200 latency_ms=172 message="Key expired normally"
2026-09-20 08:01:58 INFO redis-service Cache warmed
2026-09-20 08:02:00 INFO order-service Order created
2026-09-20 08:02:02 INFO worker-service Job completed successfully
2026-09-20 08:02:04 INFO monitoring-service Alert evaluated: no action
2026-09-20 08:02:06 INFO search-service Query results returned
2026-09-20 08:02:08 INFO monitoring-service Metrics scraped
2026-09-20 08:02:10 INFO search-service Query results returned
2026-09-20 08:02:12 level=INFO service=search-service component=search-service request_id=req-353961 trace_id=trace-14237322 user_id=user-2800 status_code=200 latency_ms=189 message="Index refreshed"
2026-09-20 08:02:14 DEBUG user-service User created
2026-09-20 08:02:16 INFO notification-service Push notification sent
2026-09-20 08:02:18 INFO search-service Query results returned
2026-09-20 08:02:20 INFO scheduler-service Scheduled job started
2026-09-20 08:02:22 INFO worker-service Job completed successfully
2026-09-20 08:02:24 INFO auth-service Logout successful
2026-09-20 08:02:26 INFO inventory-service Inventory released
2026-09-20 08:02:28 INFO monitoring-service Alert evaluated: no action
2026-09-20 08:02:30 level=INFO service=user-service component=user-service request_id=req-908634 trace_id=trace-48789478 user_id=user-4396 status_code=200 latency_ms=91 message="User created"
2026-09-20 08:02:32 INFO scheduler-service Scheduled job completed
2026-09-20 08:02:34 level=INFO service=redis-service component=redis-service request_id=req-809489 trace_id=trace-82905845 user_id=user-7220 status_code=200 latency_ms=161 message="Key expired normally"
2026-09-20 08:02:36 level=INFO service=notification-service component=notification-service request_id=req-848831 trace_id=trace-20607151 user_id=user-6674 status_code=200 latency_ms=88 message="Email queued"
2026-09-20 08:02:38 level=INFO service=database-service component=database-service request_id=req-664739 trace_id=trace-46390817 user_id=user-5450 status_code=200 latency_ms=226 message="Index scan completed"
2026-09-20 08:02:40 level=INFO service=auth-service component=auth-service request_id=req-802371 trace_id=trace-81275182 user_id=user-4697 status_code=200 latency_ms=27 message="Logout successful"
2026-09-20 08:02:42 INFO worker-service Job picked up
2026-09-20 08:02:44 INFO scheduler-service Cron tick processed
2026-09-20 08:02:46 WARNING api-gateway Health check OK
2026-09-20 08:02:48 INFO database-service Connection acquired from pool
2026-09-20 08:02:50 INFO order-service Order created
2026-09-20 08:02:52 INFO payment-service Payment authorized
2026-09-20 08:02:54 INFO scheduler-service Scheduled job started
2026-09-20 08:02:56 INFO auth-service Token issued
2026-09-20 08:02:58 WARNING api-gateway Incoming request accepted
2026-09-20 08:03:00 INFO auth-service Token refreshed
2026-09-20 08:03:02 level=INFO service=api-gateway component=api-gateway request_id=req-398384 trace_id=trace-70981700 user_id=user-9901 status_code=200 latency_ms=100 message="Response sent"
2026-09-20 08:03:04 INFO redis-service Cache set
2026-09-20 08:03:06 INFO database-service Query executed successfully
2026-09-20 08:03:08 INFO scheduler-service Scheduled job completed
2026-09-20 08:03:10 INFO api-gateway Rate limit check passed
2026-09-20 08:03:12 INFO monitoring-service Alert evaluated: no action
2026-09-20 08:03:14 INFO notification-service SMS delivered
2026-09-20 08:03:16 INFO notification-service Email queued
2026-09-20 08:03:18 level=INFO service=database-service component=database-service request_id=req-346961 trace_id=trace-69959826 user_id=user-5374 status_code=200 latency_ms=113 message="Connection acquired from pool"
2026-09-20 08:03:20 INFO inventory-service Inventory released
2026-09-20 08:03:22 level=INFO service=order-service component=order-service request_id=req-588002 trace_id=trace-51178850 user_id=user-3616 status_code=200 latency_ms=45 message="Order confirmed"
2026-09-20 08:03:24 INFO notification-service SMS delivered
2026-09-20 08:03:26 INFO scheduler-service Scheduled job completed
2026-09-20 08:03:28 INFO user-service User preferences updated
2026-09-20 08:03:30 INFO database-service Transaction committed
2026-09-20 08:03:32 INFO redis-service Cache set
2026-09-20 08:03:34 INFO worker-service Job picked up
2026-09-20 08:03:36 INFO redis-service Cache hit
2026-09-20 08:03:38 INFO payment-service Payment gateway responded 200
2026-09-20 08:03:40 level=INFO service=user-service component=user-service request_id=req-645617 trace_id=trace-69302835 user_id=user-2904 status_code=200 latency_ms=233 message="User preferences updated"
2026-09-20 08:03:42 INFO worker-service Worker heartbeat OK
2026-09-20 08:03:44 INFO redis-service Cache hit
2026-09-20 08:03:46 INFO redis-service Cache hit
2026-09-20 08:03:48 level=INFO service=worker-service component=worker-service request_id=req-956113 trace_id=trace-10404729 user_id=user-4570 status_code=200 latency_ms=80 message="Worker heartbeat OK"
2026-09-20 08:03:50 INFO search-service Index refreshed
2026-09-20 08:03:52 INFO payment-service Payment request received
2026-09-20 08:03:54 level=WARNING service=payment-service component=payment-service request_id=req-288724 trace_id=trace-28176954 user_id=user-7887 status_code=200 latency_ms=119 message="Refund processed successfully"
2026-09-20 08:03:56 WARNING inventory-service Inventory reserved
2026-09-20 08:03:58 INFO notification-service SMS delivered
2026-09-20 08:04:00 level=INFO service=redis-service component=redis-service request_id=req-512151 trace_id=trace-80980044 user_id=user-3086 status_code=200 latency_ms=152 message="Key expired normally"
2026-09-20 08:04:02 WARNING scheduler-service Scheduled job started
2026-09-20 08:04:04 INFO order-service Order status updated
2026-09-20 08:04:06 level=INFO service=user-service component=user-service request_id=req-860242 trace_id=trace-25145751 user_id=user-1527 status_code=200 latency_ms=63 message="User created"
2026-09-20 08:04:08 INFO monitoring-service Alert evaluated: no action
2026-09-20 08:04:10 level=INFO service=api-gateway component=api-gateway request_id=req-568127 trace_id=trace-90233330 user_id=user-1797 status_code=200 latency_ms=23 message="Request routed successfully"
2026-09-20 08:04:12 INFO user-service Profile cache warmed
2026-09-20 08:04:14 level=INFO service=redis-service component=redis-service request_id=req-345536 trace_id=trace-87324220 user_id=user-6224 status_code=200 latency_ms=89 message="Cache hit"
2026-09-20 08:04:16 INFO search-service Query results returned
2026-09-20 08:04:18 INFO user-service User preferences updated
2026-09-20 08:04:20 level=INFO service=redis-service component=redis-service request_id=req-720407 trace_id=trace-33505978 user_id=user-7999 status_code=200 latency_ms=157 message="Key expired normally"
2026-09-20 08:04:22 INFO redis-service Key expired normally
2026-09-20 08:04:24 INFO worker-service Worker heartbeat OK
2026-09-20 08:04:26 INFO notification-service Push notification sent
2026-09-20 08:04:28 INFO monitoring-service Metrics scraped
2026-09-20 08:04:30 INFO order-service Order confirmed
2026-09-20 08:04:32 INFO api-gateway Incoming request accepted
2026-09-20 08:04:34 level=INFO service=auth-service component=auth-service request_id=req-182911 trace_id=trace-70369365 user_id=user-7079 status_code=200 latency_ms=180 message="Token refreshed"
2026-09-20 08:04:36 level=INFO service=payment-service component=payment-service request_id=req-806396 trace_id=trace-91197624 user_id=user-1647 status_code=200 latency_ms=111 message="Payment authorized"
2026-09-20 08:04:38 INFO payment-service Payment gateway responded 200
2026-09-20 08:04:40 INFO redis-service Cache set
2026-09-20 08:04:42 level=INFO service=inventory-service component=inventory-service request_id=req-877493 trace_id=trace-25745913 user_id=user-8846 status_code=200 latency_ms=63 message="Stock level checked"
2026-09-20 08:04:44 INFO user-service User preferences updated
2026-09-20 08:04:46 INFO user-service User created
2026-09-20 08:04:48 level=INFO service=redis-service component=redis-service request_id=req-621433 trace_id=trace-72546007 user_id=user-2615 status_code=200 latency_ms=146 message="Key expired normally"
2026-09-20 08:04:50 WARNING monitoring-service Health probe OK
2026-09-20 08:04:52 INFO inventory-service Inventory reserved
2026-09-20 08:04:54 INFO api-gateway Health check OK
2026-09-20 08:04:56 INFO api-gateway Response sent
2026-09-20 08:04:58 INFO notification-service Email queued
2026-09-20 08:05:00 INFO notification-service Email queued
2026-09-20 08:05:02 level=INFO service=worker-service component=worker-service request_id=req-612356 trace_id=trace-96126771 user_id=user-9037 status_code=200 latency_ms=225 message="Job completed successfully"
2026-09-20 08:05:04 level=INFO service=database-service component=database-service request_id=req-673095 trace_id=trace-75540707 user_id=user-4015 status_code=200 latency_ms=199 message="Transaction committed"
2026-09-20 08:05:06 WARNING redis-service Cache hit
2026-09-20 08:05:08 INFO payment-service Payment request received
2026-09-20 08:05:10 level=INFO service=notification-service component=notification-service request_id=req-258366 trace_id=trace-11226946 user_id=user-4583 status_code=200 latency_ms=196 message="SMS delivered"
2026-09-20 08:05:12 INFO redis-service Cache hit
2026-09-20 08:05:14 INFO worker-service Job completed successfully
2026-09-20 08:05:16 DEBUG api-gateway Response sent
2026-09-20 08:05:18 INFO api-gateway Rate limit check passed
2026-09-20 08:05:20 DEBUG order-service Order status updated
2026-09-20 08:05:22 INFO auth-service User authenticated successfully
2026-09-20 08:05:24 INFO user-service User created
2026-09-20 08:05:26 INFO order-service Order created
2026-09-20 08:05:28 INFO notification-service Email queued
2026-09-20 08:05:30 INFO user-service User profile fetched
2026-09-20 08:05:32 INFO worker-service Job picked up
2026-09-20 08:05:34 INFO notification-service Email queued
2026-09-20 08:05:36 INFO scheduler-service Scheduled job completed
2026-09-20 08:05:38 INFO worker-service Worker heartbeat OK
2026-09-20 08:05:40 level=INFO service=payment-service component=payment-service request_id=req-825916 trace_id=trace-86072480 user_id=user-8790 status_code=200 latency_ms=245 message="Payment request received"
2026-09-20 08:05:42 DEBUG order-service Order created
2026-09-20 08:05:44 level=INFO service=order-service component=order-service request_id=req-429761 trace_id=trace-12101593 user_id=user-4394 status_code=200 latency_ms=232 message="Order created"
2026-09-20 08:05:46 INFO search-service Query results returned
2026-09-20 08:05:48 level=INFO service=payment-service component=payment-service request_id=req-990704 trace_id=trace-62231715 user_id=user-9856 status_code=200 latency_ms=228 message="Payment gateway responded 200"
2026-09-20 08:05:50 level=INFO service=inventory-service component=inventory-service request_id=req-859340 trace_id=trace-20526386 user_id=user-9204 status_code=200 latency_ms=191 message="Inventory released"
2026-09-20 08:05:52 level=WARNING service=scheduler-service component=scheduler-service request_id=req-979414 trace_id=trace-20202996 user_id=user-6580 status_code=200 latency_ms=74 message="Scheduled job started"
2026-09-20 08:05:54 INFO search-service Query results returned
2026-09-20 08:05:56 level=INFO service=monitoring-service component=monitoring-service request_id=req-614435 trace_id=trace-40620216 user_id=user-6829 status_code=200 latency_ms=130 message="Alert evaluated: no action"
2026-09-20 08:05:58 level=INFO service=redis-service component=redis-service request_id=req-792764 trace_id=trace-61012496 user_id=user-2404 status_code=200 latency_ms=164 message="Cache warmed"
2026-09-20 08:06:00 INFO monitoring-service Metrics scraped
2026-09-20 08:06:02 INFO payment-service Refund processed successfully
2026-09-20 08:06:04 INFO worker-service Job completed successfully
2026-09-20 08:06:06 INFO payment-service Payment captured
2026-09-20 08:06:08 level=INFO service=monitoring-service component=monitoring-service request_id=req-570646 trace_id=trace-84757265 user_id=user-9395 status_code=200 latency_ms=125 message="Metrics scraped"
2026-09-20 08:06:10 INFO notification-service Email queued
2026-09-20 08:06:12 INFO payment-service Payment captured
2026-09-20 08:06:14 INFO api-gateway Incoming request accepted
2026-09-20 08:06:16 INFO scheduler-service Scheduled job started
2026-09-20 08:06:18 level=INFO service=auth-service component=auth-service request_id=req-381444 trace_id=trace-76185975 user_id=user-3390 status_code=200 latency_ms=92 message="Token issued"
2026-09-20 08:06:20 INFO payment-service Payment captured
2026-09-20 08:06:22 level=INFO service=database-service component=database-service request_id=req-855917 trace_id=trace-93890601 user_id=user-9123 status_code=200 latency_ms=78 message="Transaction committed"
2026-09-20 08:06:24 level=INFO service=search-service component=search-service request_id=req-107096 trace_id=trace-63108878 user_id=user-6443 status_code=200 latency_ms=92 message="Index refreshed"
2026-09-20 08:06:26 INFO search-service Index refreshed
2026-09-20 08:06:28 INFO notification-service SMS delivered
2026-09-20 08:06:30 INFO auth-service Logout successful
