2026-09-20 08:00:00 level=DEBUG service=payment-service component=payment-service request_id=req-872246 trace_id=trace-23756669 user_id=user-9935 status_code=200 latency_ms=50 message="Payment captured"
2026-09-20 08:00:02 level=INFO service=payment-service component=payment-service request_id=req-343962 trace_id=trace-77827638 user_id=user-1434 status_code=200 latency_ms=70 message="Payment request received"
2026-09-20 08:00:04 level=INFO service=redis-service component=redis-service request_id=req-391704 trace_id=trace-10872248 user_id=user-3615 status_code=200 latency_ms=165 message="Cache warmed"
2026-09-20 08:00:06 level=INFO service=scheduler-service component=scheduler-service request_id=req-452944 trace_id=trace-23718431 user_id=user-2519 status_code=200 latency_ms=210 message="Scheduled job completed"
2026-09-20 08:00:08 INFO notification-service Push notification sent
2026-09-20 08:00:10 DEBUG monitoring-service Health probe OK
2026-09-20 08:00:12 INFO notification-service Push notification sent
2026-09-20 08:00:14 INFO search-service Index refreshed
2026-09-20 08:00:16 level=INFO service=scheduler-service component=scheduler-service request_id=req-183667 trace_id=trace-41244663 user_id=user-2654 status_code=200 latency_ms=89 message="Cron tick processed"
2026-09-20 08:00:18 INFO notification-service SMS delivered
2026-09-20 08:00:20 INFO auth-service Token issued
2026-09-20 08:00:22 level=INFO service=scheduler-service component=scheduler-service request_id=req-279451 trace_id=trace-81691040 user_id=user-5010 status_code=200 latency_ms=177 message="Cron tick processed"
2026-09-20 08:00:24 INFO auth-service Token refreshed
2026-09-20 08:00:26 INFO worker-service Job picked up
2026-09-20 08:00:28 INFO monitoring-service Metrics scraped
2026-09-20 08:00:30 level=INFO service=monitoring-service component=monitoring-service request_id=req-694731 trace_id=trace-52235350 user_id=user-4483 status_code=200 latency_ms=248 message="Health probe OK"
2026-09-20 08:00:32 INFO worker-service Worker heartbeat OK
2026-09-20 08:00:34 INFO order-service Order shipped
2026-09-20 08:00:36 INFO notification-service Push notification sent
2026-09-20 08:00:38 INFO auth-service User authenticated successfully
2026-09-20 08:00:40 INFO payment-service Payment authorized
2026-09-20 08:00:42 INFO notification-service Push notification sent
2026-09-20 08:00:44 INFO database-service Query executed successfully
2026-09-20 08:00:46 INFO payment-service Payment gateway responded 200
2026-09-20 08:00:48 level=INFO service=monitoring-service component=monitoring-service request_id=req-575763 trace_id=trace-10435578 user_id=user-5315 status_code=200 latency_ms=55 message="Metrics scraped"
2026-09-20 08:00:50 INFO redis-service Cache hit
2026-09-20 08:00:52 level=INFO service=order-service component=order-service request_id=req-269396 trace_id=trace-82394227 user_id=user-9689 status_code=200 latency_ms=210 message="Order confirmed"
2026-09-20 08:00:54 level=INFO service=api-gateway component=api-gateway request_id=req-972064 trace_id=trace-51273847 user_id=user-4923 status_code=200 latency_ms=107 message="Incoming request accepted"
2026-09-20 08:00:56 INFO api-gateway Response sent
2026-09-20 08:00:58 INFO payment-service Payment request received
2026-09-20 08:01:00 INFO redis-service Cache set
2026-09-20 08:01:02 INFO redis-service Cache warmed
2026-09-20 08:01:04 INFO redis-service Cache set
2026-09-20 08:01:06 WARNING notification-service SMS delivered
2026-09-20 08:01:08 level=INFO service=redis-service component=redis-service request_id=req-122056 trace_id=trace-88961459 user_id=user-4770 status_code=200 latency_ms=101 message="Cache set"
2026-09-20 08:01:10 INFO search-service Search query executed
2026-09-20 08:01:12 INFO api-gateway Request routed successfully
2026-09-20 08:01:14 INFO payment-service Payment captured
2026-09-20 08:01:16 level=INFO service=user-service component=user-service request_id=req-946721 trace_id=trace-64634663 user_id=user-4119 status_code=200 latency_ms=136 message="Profile cache warmed"
2026-09-20 08:01:18 INFO payment-service Refund processed successfully
2026-09-20 08:01:20 level=INFO service=notification-service component=notification-service request_id=req-777568 trace_id=trace-23209423 user_id=user-1993 status_code=200 latency_ms=182 message="SMS delivered"
2026-09-20 08:01:22 level=INFO service=notification-service component=notification-service request_id=req-662336 trace_id=trace-70211891 user_id=user-3296 status_code=200 latency_ms=63 message="Email queued"
2026-09-20 08:01:24 level=INFO service=notification-service component=notification-service request_id=req-564656 trace_id=trace-83863413 user_id=user-2604 status_code=200 latency_ms=34 message="Push notification sent"
2026-09-20 08:01:26 INFO api-gateway Response sent
2026-09-20 08:01:28 level=INFO service=payment-service component=payment-service request_id=req-604740 trace_id=trace-38688676 user_id=user-7570 status_code=200 latency_ms=139 message="Payment authorized"
2026-09-20 08:01:30 INFO api-gateway Request routed successfully
2026-09-20 08:01:32 level=INFO service=order-service component=order-service request_id=req-865990 trace_id=trace-84593961 user_id=user-8973 status_code=200 latency_ms=193 message="Order status updated"
2026-09-20 08:01:34 INFO auth-service Token issued
2026-09-20 08:01:36 INFO search-service Search query executed
2026-09-20 08:01:38 INFO api-gateway Incoming request accepted
