2026-09-20 08:00:00 level=INFO service=api-gateway component=api-gateway request_id=req-794178 trace_id=trace-93898287 user_id=user-8869 status_code=200 latency_ms=225 message="Incoming request accepted"
2026-09-20 08:00:02 level=INFO service=user-service component=user-service request_id=req-185916 trace_id=trace-73561576 user_id=user-2892 status_code=200 latency_ms=89 message="User preferences updated"
2026-09-20 08:00:04 INFO order-service Order status updated
2026-09-20 08:00:06 INFO worker-service Worker heartbeat OK
2026-09-20 08:00:08 INFO auth-service Session created
2026-09-20 08:00:10 DEBUG database-service Index scan completed
2026-09-20 08:00:12 level=INFO service=user-service component=user-service request_id=req-799891 trace_id=trace-22979206 user_id=user-2404 status_code=200 latency_ms=193 message="User profile fetched"
2026-09-20 08:00:14 INFO worker-service Worker heartbeat OK
2026-09-20 08:00:16 level=INFO service=monitoring-service component=monitoring-service request_id=req-958160 trace_id=trace-80139805 user_id=user-7858 status_code=200 latency_ms=114 message="Alert evaluated: no action"
2026-09-20 08:00:18 INFO redis-service Cache warmed
2026-09-20 08:00:20 INFO user-service User profile fetched
2026-09-20 08:00:22 DEBUG scheduler-service Cron tick processed
2026-09-20 08:00:24 level=INFO service=monitoring-service component=monitoring-service request_id=req-570852 trace_id=trace-33203422 user_id=user-3738 status_code=200 latency_ms=208 message="Alert evaluated: no action"
2026-09-20 08:00:26 level=INFO service=user-service component=user-service request_id=req-816308 trace_id=trace-68437492 user_id=user-4308 status_code=200 latency_ms=35 message="User preferences updated"
2026-09-20 08:00:28 level=INFO service=worker-service component=worker-service request_id=req-862422 trace_id=trace-18994192 user_id=user-2425 status_code=200 latency_ms=248 message="Worker heartbeat OK"
2026-09-20 08:00:30 INFO notification-service SMS delivered
2026-09-20 08:00:32 INFO order-service Order created
2026-09-20 08:00:34 level=INFO service=search-service component=search-service request_id=req-255398 trace_id=trace-86046949 user_id=user-2641 status_code=200 latency_ms=53 message="Index refreshed"
2026-09-20 08:00:36 INFO payment-service Payment request received
2026-09-20 08:00:38 level=INFO service=redis-service component=redis-service request_id=req-609172 trace_id=trace-86775659 user_id=user-8750 status_code=200 latency_ms=182 message="Cache warmed"
2026-09-20 08:00:40 level=INFO service=api-gateway component=api-gateway request_id=req-813884 trace_id=trace-63917932 user_id=user-1635 status_code=200 latency_ms=170 message="Incoming request accepted"
2026-09-20 08:00:42 INFO notification-service Push notification sent
2026-09-20 08:00:44 INFO api-gateway Rate limit check passed
2026-09-20 08:00:46 INFO api-gateway Rate limit check passed
2026-09-20 08:00:48 INFO database-service Query executed successfully
2026-09-20 08:00:50 INFO user-service Profile cache warmed
2026-09-20 08:00:52 INFO inventory-service Inventory reserved
2026-09-20 08:00:54 INFO payment-service Payment authorized
2026-09-20 08:00:56 INFO notification-service SMS delivered
2026-09-20 08:00:58 level=INFO service=api-gateway component=api-gateway request_id=req-631413 trace_id=trace-64141437 user_id=user-3222 status_code=200 latency_ms=196 message="Health check OK"
2026-09-20 08:01:00 level=INFO service=monitoring-service component=monitoring-service request_id=req-973390 trace_id=trace-36941091 user_id=user-1944 status_code=200 latency_ms=64 message="Alert evaluated: no action"
2026-09-20 08:01:02 DEBUG user-service User profile fetched
2026-09-20 08:01:04 INFO scheduler-service Scheduled job completed
2026-09-20 08:01:06 INFO redis-service Cache hit
2026-09-20 08:01:08 level=INFO service=user-service component=user-service request_id=req-597635 trace_id=trace-88769733 user_id=user-6730 status_code=200 latency_ms=237 message="Profile cache warmed"
2026-09-20 08:01:10 INFO inventory-service Inventory reserved
2026-09-20 08:01:12 INFO scheduler-service Scheduled job started
2026-09-20 08:01:14 INFO auth-service Token issued
2026-09-20 08:01:16 level=INFO service=worker-service component=worker-service request_id=req-638214 trace_id=trace-12691381 user_id=user-1145 status_code=200 latency_ms=119 message="Job picked up"
2026-09-20 08:01:18 INFO database-service Connection acquired from pool
2026-09-20 08:01:20 INFO api-gateway Response sent
2026-09-20 08:01:22 INFO order-service Order shipped
2026-09-20 08:01:24 level=INFO service=notification-service component=notification-service request_id=req-416822 trace_id=trace-79878835 user_id=user-7506 status_code=200 latency_ms=134 message="Push notification sent"
2026-09-20 08:01:26 INFO search-service Query results returned
2026-09-20 08:01:28 INFO inventory-service Inventory released
2026-09-20 08:01:30 level=INFO service=order-service component=order-service request_id=req-771712 trace_id=trace-53639158 user_id=user-5536 status_code=200 latency_ms=85 message="Order status updated"
2026-09-20 08:01:32 level=INFO service=order-service component=order-service request_id=req-902658 trace_id=trace-42252798 user_id=user-1930 status_code=200 latency_ms=147 message="Order shipped"
2026-09-20 08:01:34 INFO monitoring-service Alert evaluated: no action
2026-09-20 08:01:36 level=INFO service=inventory-service component=inventory-service request_id=req-409963 trace_id=trace-44819604 user_id=user-7857 status_code=200 latency_ms=142 message="Inventory released"
2026-09-20 08:01:38 INFO notification-service Email queued
2026-09-20 08:01:40 INFO search-service Index refreshed
2026-09-20 08:01:42 INFO user-service Profile cache warmed
2026-09-20 08:01:44 INFO worker-service Job completed successfully
2026-09-20 08:01:46 level=INFO service=worker-service component=worker-service request_id=req-234159 trace_id=trace-44715663 user_id=user-3999 status_code=200 latency_ms=135 message="Job picked up"
2026-09-20 08:01:48 level=INFO service=worker-service component=worker-service request_id=req-334176 trace_id=trace-51216287 user_id=user-7889 status_code=200 latency_ms=105 message="Worker heartbeat OK"
2026-09-20 08:01:50 level=INFO service=monitoring-service component=monitoring-service request_id=req-586288 trace_id=trace-25808361 user_id=user-8709 status_code=200 latency_ms=90 message="Health probe OK"
2026-09-20 08:01:52 INFO api-gateway Response sent
2026-09-20 08:01:54 INFO search-service Search query executed
2026-09-20 08:01:56 INFO worker-service Job completed successfully
2026-09-20 08:01:58 INFO auth-service Token issued
2026-09-20 08:02:00 level=INFO service=search-service component=search-service request_id=req-850432 trace_id=trace-34207075 user_id=user-2324 status_code=200 latency_ms=235 message="Index refreshed"
2026-09-20 08:02:02 INFO database-service Connection acquired from pool
2026-09-20 08:02:04 level=DEBUG service=api-gateway component=api-gateway request_id=req-276795 trace_id=trace-87346846 user_id=user-3595 status_code=200 latency_ms=213 message="Rate limit check passed"
2026-09-20 08:02:06 level=INFO service=database-service component=database-service request_id=req-764259 trace_id=trace-67634397 user_id=user-7609 status_code=200 latency_ms=126 message="Query executed successfully"
2026-09-20 08:02:08 level=WARNING service=notification-service component=notification-service request_id=req-309100 trace_id=trace-60076822 user_id=user-1230 status_code=200 latency_ms=151 message="Push notification sent"
2026-09-20 08:02:10 level=INFO service=inventory-service component=inventory-service request_id=req-104324 trace_id=trace-94112495 user_id=user-5076 status_code=200 latency_ms=188 message="Inventory released"
2026-09-20 08:02:12 INFO user-service User created
2026-09-20 08:02:14 INFO payment-service Payment gateway responded 200
2026-09-20 08:02:16 INFO payment-service Payment captured
2026-09-20 08:02:18 INFO database-service Transaction committed
2026-09-20 08:02:20 WARNING worker-service Job completed successfully
2026-09-20 08:02:22 level=INFO service=database-service component=database-service request_id=req-951452 trace_id=trace-64142310 user_id=user-1313 status_code=200 latency_ms=247 message="Connection acquired from pool"
2026-09-20 08:02:24 level=INFO service=user-service component=user-service request_id=req-718337 trace_id=trace-77730769 user_id=user-3768 status_code=200 latency_ms=20 message="User preferences updated"
2026-09-20 08:02:26 INFO payment-service Payment request received
2026-09-20 08:02:28 INFO worker-service Worker heartbeat OK
2026-09-20 08:02:30 level=WARNING service=search-service component=search-service request_id=req-120700 trace_id=trace-16473999 user_id=user-2897 status_code=200 latency_ms=229 message="Query results returned"
2026-09-20 08:02:32 INFO notification-service Email queued
2026-09-20 08:02:34 INFO database-service Connection acquired from pool
2026-09-20 08:02:36 DEBUG worker-service Job completed successfully
2026-09-20 08:02:38 INFO worker-service Worker heartbeat OK
2026-09-20 08:02:40 INFO auth-service User authenticated successfully
2026-09-20 08:02:42 INFO search-service Search query executed
2026-09-20 08:02:44 INFO database-service Connection acquired from pool
2026-09-20 08:02:46 WARNING redis-service Key expired normally
2026-09-20 08:02:48 INFO order-service Order status updated
2026-09-20 08:02:50 level=INFO service=scheduler-service component=scheduler-service request_id=req-804258 trace_id=trace-21945758 user_id=user-2809 status_code=200 latency_ms=18 message="Scheduled job completed"
2026-09-20 08:02:52 INFO search-service Search query executed
2026-09-20 08:02:54 INFO monitoring-service Alert evaluated: no action
2026-09-20 08:02:56 INFO order-service Order status updated
2026-09-20 08:02:58 level=INFO service=order-service component=order-service request_id=req-141360 trace_id=trace-48999266 user_id=user-6901 status_code=200 latency_ms=59 message="Order created"
2026-09-20 08:03:00 INFO monitoring-service Health probe OK
2026-09-20 08:03:02 level=INFO service=payment-service component=payment-service request_id=req-795578 trace_id=trace-96865529 user_id=user-3793 status_code=200 latency_ms=50 message="Payment request received"
2026-09-20 08:03:04 INFO inventory-service Inventory reserved
2026-09-20 08:03:06 INFO order-service Order created
2026-09-20 08:03:08 INFO inventory-service Inventory reserved
2026-09-20 08:03:10 INFO database-service Index scan completed
2026-09-20 08:03:12 level=INFO service=database-service component=database-service request_id=req-861697 trace_id=trace-17871385 user_id=user-3611 status_code=200 latency_ms=193 message="Connection acquired from pool"
2026-09-20 08:03:14 INFO payment-service Payment gateway responded 200
2026-09-20 08:03:16 INFO search-service Search query executed
2026-09-20 08:03:18 INFO monitoring-service Metrics scraped
2026-09-20 08:03:20 WARNING scheduler-service Scheduled job started
2026-09-20 08:03:22 INFO database-service Index scan completed
2026-09-20 08:03:24 level=INFO service=payment-service component=payment-service request_id=req-810859 trace_id=trace-80439867 user_id=user-4669 status_code=200 latency_ms=237 message="Payment captured"
2026-09-20 08:03:26 INFO worker-service Worker heartbeat OK
2026-09-20 08:03:28 INFO scheduler-service Scheduled job completed
2026-09-20 08:03:30 level=INFO service=user-service component=user-service request_id=req-685466 trace_id=trace-92263926 user_id=user-1894 status_code=200 latency_ms=226 message="Profile cache warmed"
2026-09-20 08:03:32 INFO api-gateway Health check OK
2026-09-20 08:03:34 level=INFO service=database-service component=database-service request_id=req-436208 trace_id=trace-42331952 user_id=user-6421 status_code=200 latency_ms=140 message="Connection acquired from pool"
2026-09-20 08:03:36 INFO order-service Order confirmed
2026-09-20 08:03:38 level=INFO service=notification-service component=notification-service request_id=req-940183 trace_id=trace-86911446 user_id=user-8341 status_code=200 latency_ms=128 message="Email queued"
2026-09-20 08:03:40 INFO payment-service Refund processed successfully
2026-09-20 08:03:42 level=INFO service=database-service component=database-service request_id=req-137572 trace_id=trace-84776858 user_id=user-9996 status_code=200 latency_ms=120 message="Query executed successfully"
2026-09-20 08:03:44 INFO api-gateway Response sent
2026-09-20 08:03:46 INFO worker-service Worker heartbeat OK
2026-09-20 08:03:48 INFO worker-service Job completed successfully
2026-09-20 08:03:50 INFO api-gateway Incoming request accepted
2026-09-20 08:03:52 INFO monitoring-service Health probe OK
2026-09-20 08:03:54 level=INFO service=inventory-service component=inventory-service request_id=req-332518 trace_id=trace-10294869 user_id=user-6592 status_code=200 latency_ms=183 message="Stock level checked"
2026-09-20 08:03:56 INFO inventory-service Inventory reserved
2026-09-20 08:03:58 INFO inventory-service Stock level checked
2026-09-20 08:04:00 level=INFO service=database-service component=database-service request_id=req-305438 trace_id=trace-35171649 user_id=user-2978 status_code=200 latency_ms=171 message="Index scan completed"
2026-09-20 08:04:02 INFO notification-service Email queued
2026-09-20 08:04:04 INFO payment-service Payment request received
2026-09-20 08:04:06 INFO worker-service Job completed successfully
2026-09-20 08:04:08 WARNING search-service Search query executed
2026-09-20 08:04:10 INFO api-gateway Request routed successfully
2026-09-20 08:04:12 INFO notification-service Push notification sent
2026-09-20 08:04:14 INFO monitoring-service Metrics scraped
2026-09-20 08:04:16 level=INFO service=auth-service component=auth-service request_id=req-729718 trace_id=trace-91357521 user_id=user-6273 status_code=200 latency_ms=183 message="Token issued"
2026-09-20 08:04:18 INFO redis-service Cache warmed
2026-09-20 08:04:20 INFO scheduler-service Scheduled job completed
2026-09-20 08:04:22 WARNING inventory-service Inventory reserved
2026-09-20 08:04:24 level=INFO service=auth-service component=auth-service request_id=req-674416 trace_id=trace-52132393 user_id=user-4560 status_code=200 latency_ms=194 message="Logout successful"
2026-09-20 08:04:26 INFO user-service User created
2026-09-20 08:04:28 INFO worker-service Worker heartbeat OK
2026-09-20 08:04:30 INFO auth-service Token refreshed
2026-09-20 08:04:32 INFO monitoring-service Health probe OK
2026-09-20 08:04:34 INFO worker-service Worker heartbeat OK
2026-09-20 08:04:36 INFO redis-service Cache warmed
