2026-09-20 08:00:00 level=INFO service=auth-service component=auth-service request_id=req-171849 trace_id=trace-89864260 user_id=user-2113 status_code=200 latency_ms=62 message="Logout successful"
2026-09-20 08:00:02 level=INFO service=worker-service component=worker-service request_id=req-697347 trace_id=trace-43046464 user_id=user-1651 status_code=200 latency_ms=242 message="Job completed successfully"
2026-09-20 08:00:04 INFO search-service Query results returned
2026-09-20 08:00:06 level=INFO service=redis-service component=redis-service request_id=req-429445 trace_id=trace-42035886 user_id=user-5351 status_code=200 latency_ms=198 message="Key expired normally"
2026-09-20 08:00:08 level=INFO service=notification-service component=notification-service request_id=req-888387 trace_id=trace-19736572 user_id=user-1152 status_code=200 latency_ms=95 message="SMS delivered"
2026-09-20 08:00:10 level=INFO service=database-service component=database-service request_id=req-630458 trace_id=trace-45594597 user_id=user-3170 status_code=200 latency_ms=69 message="Query executed successfully"
2026-09-20 08:00:12 INFO inventory-service Stock level checked
2026-09-20 08:00:14 INFO auth-service Logout successful
2026-09-20 08:00:16 WARNING search-service Query results returned
2026-09-20 08:00:18 INFO worker-service Job completed successfully
2026-09-20 08:00:20 level=INFO service=payment-service component=payment-service request_id=req-212235 trace_id=trace-84252420 user_id=user-3546 status_code=200 latency_ms=242 message="Payment authorized"
2026-09-20 08:00:22 INFO order-service Order confirmed
2026-09-20 08:00:24 INFO user-service User created
2026-09-20 08:00:26 level=INFO service=order-service component=order-service request_id=req-969634 trace_id=trace-47135391 user_id=user-1722 status_code=200 latency_ms=123 message="Order created"
2026-09-20 08:00:28 INFO api-gateway Health check OK
2026-09-20 08:00:30 INFO order-service Order status updated
2026-09-20 08:00:32 level=INFO service=notification-service component=notification-service request_id=req-824586 trace_id=trace-30005727 user_id=user-9938 status_code=200 latency_ms=241 message="Email queued"
2026-09-20 08:00:34 INFO api-gateway Response sent
2026-09-20 08:00:36 INFO notification-service Push notification sent
2026-09-20 08:00:38 WARNING monitoring-service Metrics scraped
2026-09-20 08:00:40 INFO user-service User profile fetched
2026-09-20 08:00:42 INFO redis-service Cache warmed
2026-09-20 08:00:44 INFO scheduler-service Scheduled job started
2026-09-20 08:00:46 level=INFO service=monitoring-service component=monitoring-service request_id=req-448321 trace_id=trace-65259205 user_id=user-5065 status_code=200 latency_ms=203 message="Health probe OK"
2026-09-20 08:00:48 INFO order-service Order created
2026-09-20 08:00:50 level=INFO service=api-gateway component=api-gateway request_id=req-582662 trace_id=trace-56930359 user_id=user-6000 status_code=200 latency_ms=250 message="Health check OK"
2026-09-20 08:00:52 level=INFO service=monitoring-service component=monitoring-service request_id=req-517821 trace_id=trace-54058573 user_id=user-5564 status_code=200 latency_ms=64 message="Metrics scraped"
2026-09-20 08:00:54 WARNING payment-service Payment captured
2026-09-20 08:00:56 INFO redis-service Key expired normally
2026-09-20 08:00:58 level=INFO service=payment-service component=payment-service request_id=req-140115 trace_id=trace-24549543 user_id=user-8119 status_code=200 latency_ms=82 message="Payment captured"
2026-09-20 08:01:00 INFO inventory-service Inventory reserved
2026-09-20 08:01:02 level=INFO service=redis-service component=redis-service request_id=req-557239 trace_id=trace-10226999 user_id=user-9518 status_code=200 latency_ms=196 message="Cache set"
2026-09-20 08:01:04 INFO monitoring-service Alert evaluated: no action
2026-09-20 08:01:06 INFO scheduler-service Scheduled job completed
2026-09-20 08:01:08 INFO worker-service Worker heartbeat OK
2026-09-20 08:01:10 INFO payment-service Payment captured
2026-09-20 08:01:12 INFO worker-service Job completed successfully
2026-09-20 08:01:14 INFO redis-service Cache warmed
2026-09-20 08:01:16 INFO notification-service Email queued
2026-09-20 08:01:18 INFO order-service Order created
2026-09-20 08:01:20 INFO user-service User created
2026-09-20 08:01:22 INFO database-service Index scan completed
2026-09-20 08:01:24 level=INFO service=monitoring-service component=monitoring-service request_id=req-796101 trace_id=trace-94951883 user_id=user-6491 status_code=200 latency_ms=146 message="Alert evaluated: no action"
