2026-09-20 08:00:00 INFO scheduler-service Routine informational message
2026-09-20 08:00:01 INFO inventory-service Routine informational message
2026-09-20 08:00:02 INFO inventory-service Routine informational message
2026-09-20 08:00:03 INFO search-service Routine informational message
2026-09-20 08:00:04 INFO order-service Routine informational message
2026-09-20 08:00:05 INFO api-gateway Routine informational message
2026-09-20 08:00:06 INFO scheduler-service Routine informational message
2026-09-20 08:00:07 INFO database-service Routine informational message
2026-09-20 08:00:08 INFO search-service Routine informational message
2026-09-20 08:00:09 INFO search-service Routine informational message
2026-09-20 08:00:10 INFO monitoring-service Routine informational message
2026-09-20 08:00:11 INFO auth-service Routine informational message
2026-09-20 08:00:12 INFO user-service Routine informational message
2026-09-20 08:00:13 INFO api-gateway Routine informational message
2026-09-20 08:00:14 INFO order-service Routine informational message
2026-09-20 08:00:15 INFO monitoring-service Routine informational message
2026-09-20 08:00:16 INFO monitoring-service Routine informational message
2026-09-20 08:00:17 INFO inventory-service Routine informational message
2026-09-20 08:00:18 INFO scheduler-service Routine informational message
2026-09-20 08:00:19 INFO monitoring-service Routine informational message
2026-09-20 08:00:20 INFO user-service Routine informational message
2026-09-20 08:00:21 INFO auth-service Routine informational message
2026-09-20 08:00:22 INFO scheduler-service Routine informational message
2026-09-20 08:00:23 INFO user-service Routine informational message
2026-09-20 08:00:24 INFO payment-service Routine informational message
2026-09-20 08:00:25 INFO notification-service Routine informational message
2026-09-20 08:00:26 INFO worker-service Routine informational message
2026-09-20 08:00:27 INFO worker-service Routine informational message
2026-09-20 08:00:28 INFO database-service Routine informational message
2026-09-20 08:00:29 INFO database-service Routine informational message
2026-09-20 08:00:30 INFO monitoring-service Routine informational message
2026-09-20 08:00:31 INFO redis-service Routine informational message
2026-09-20 08:00:32 INFO monitoring-service Routine informational message
2026-09-20 08:00:33 INFO payment-service Routine informational message
2026-09-20 08:00:34 INFO order-service Routine informational message
2026-09-20 08:00:35 INFO inventory-service Routine informational message
2026-09-20 08:00:36 INFO notification-service Routine informational message
2026-09-20 08:00:37 INFO order-service Routine informational message
2026-09-20 08:00:38 INFO database-service Routine informational message
2026-09-20 08:00:39 INFO scheduler-service Routine informational message
