2026-09-20 08:00:00 INFO payment-service Payment captured
2026-09-20 08:00:01 INFO redis-service Key expired normally
2026-09-20 08:00:02 INFO notification-service Push notification sent
2026-09-20 08:00:03 INFO redis-service Cache warmed
2026-09-20 08:00:04 INFO search-service Search query executed
2026-09-20 08:00:05 INFO api-gateway Health check OK
2026-09-20 08:00:06 INFO api-gateway Health check OK
2026-09-20 08:00:07 INFO monitoring-service Alert evaluated: no action
2026-09-20 08:00:08 INFO inventory-service Stock level checked
2026-09-20 08:00:09 INFO auth-service Session created
2026-09-20 08:00:10 INFO auth-service Session created
2026-09-20 08:00:11 INFO monitoring-service Health probe OK
2026-09-20 08:00:12 INFO notification-service SMS delivered
2026-09-20 08:00:13 INFO redis-service Cache set
2026-09-20 08:00:14 INFO order-service Order shipped
2026-09-20 08:00:15 INFO payment-service Payment captured
2026-09-20 08:00:16 INFO monitoring-service Alert evaluated: no action
2026-09-20 08:00:17 INFO scheduler-service Scheduled job started
2026-09-20 08:00:18 INFO auth-service Token refreshed
2026-09-20 08:00:19 INFO auth-service Logout successful
2026-09-20 08:00:20 INFO inventory-service Inventory reserved
2026-09-20 08:00:21 INFO notification-service Email queued
2026-09-20 08:00:22 INFO user-service User profile fetched
2026-09-20 08:00:23 INFO monitoring-service Alert evaluated: no action
2026-09-20 08:00:24 INFO database-service Connection acquired from pool
2026-09-20 08:00:25 INFO api-gateway Response sent
2026-09-20 08:00:26 INFO search-service Index refreshed
2026-09-20 08:00:27 INFO auth-service User authenticated successfully
2026-09-20 08:00:28 INFO worker-service Job completed successfully
2026-09-20 08:00:29 INFO monitoring-service Metrics scraped
2026-09-20 08:00:30 INFO redis-service Cache set
2026-09-20 08:00:31 INFO database-service Index scan completed
2026-09-20 08:00:32 INFO database-service Index scan completed
2026-09-20 08:00:33 INFO scheduler-service Scheduled job started
2026-09-20 08:00:34 INFO payment-service Payment gateway responded 200
2026-09-20 08:00:35 INFO order-service Order confirmed
2026-09-20 08:00:36 INFO inventory-service Stock level checked
2026-09-20 08:00:37 INFO scheduler-service Cron tick processed
2026-09-20 08:00:38 INFO database-service Index scan completed
2026-09-20 08:00:39 INFO user-service User profile fetched
2026-09-20 08:00:40 INFO monitoring-service Alert evaluated: no action
2026-09-20 08:00:41 INFO api-gateway Request routed successfully
2026-09-20 08:00:42 INFO database-service Query executed successfully
2026-09-20 08:00:43 INFO auth-service User authenticated successfully
2026-09-20 08:00:44 INFO api-gateway Health check OK
2026-09-20 08:00:45 INFO scheduler-service Scheduled job completed
2026-09-20 08:00:46 INFO auth-service Token issued
2026-09-20 08:00:47 INFO order-service Order shipped
2026-09-20 08:00:48 INFO database-service Connection acquired from pool
2026-09-20 08:00:49 INFO worker-service Job picked up
2026-09-20 08:00:50 INFO inventory-service Inventory released
2026-09-20 08:00:51 INFO worker-service Job completed successfully
2026-09-20 08:00:52 INFO scheduler-service Cron tick processed
2026-09-20 08:00:53 INFO database-service Index scan completed
2026-09-20 08:00:54 INFO payment-service Payment gateway responded 200
2026-09-20 08:00:55 INFO monitoring-service Alert evaluated: no action
2026-09-20 08:00:56 INFO notification-service Email queued
2026-09-20 08:00:57 INFO worker-service Worker heartbeat OK
2026-09-20 08:00:58 INFO search-service Query results returned
2026-09-20 08:00:59 INFO database-service Query executed successfully
