2026-09-20 08:00:00 ERROR order-service Generic processing error
2026-09-20 08:00:01 ERROR user-service Generic processing error
2026-09-20 08:00:02 ERROR database-service Generic processing error
2026-09-20 08:00:03 ERROR api-gateway Generic processing error
2026-09-20 08:00:04 ERROR monitoring-service Generic processing error
2026-09-20 08:00:05 ERROR scheduler-service Generic processing error
2026-09-20 08:00:06 ERROR payment-service Generic processing error
2026-09-20 08:00:07 ERROR search-service Generic processing error
2026-09-20 08:00:08 ERROR order-service Generic processing error
2026-09-20 08:00:09 ERROR monitoring-service Generic processing error
2026-09-20 08:00:10 ERROR inventory-service Generic processing error
2026-09-20 08:00:11 ERROR user-service Generic processing error
2026-09-20 08:00:12 ERROR worker-service Generic processing error
2026-09-20 08:00:13 ERROR search-service Generic processing error
2026-09-20 08:00:14 ERROR scheduler-service Generic processing error
2026-09-20 08:00:15 ERROR payment-service Generic processing error
2026-09-20 08:00:16 ERROR payment-service Generic processing error
2026-09-20 08:00:17 ERROR worker-service Generic processing error
2026-09-20 08:00:18 ERROR database-service Generic processing error
2026-09-20 08:00:19 ERROR database-service Generic processing error
2026-09-20 08:00:20 ERROR notification-service Generic processing error
2026-09-20 08:00:21 ERROR notification-service Generic processing error
2026-09-20 08:00:22 ERROR scheduler-service Generic processing error
2026-09-20 08:00:23 ERROR notification-service Generic processing error
2026-09-20 08:00:24 ERROR inventory-service Generic processing error
2026-09-20 08:00:25 ERROR api-gateway Generic processing error
2026-09-20 08:00:26 ERROR inventory-service Generic processing error
2026-09-20 08:00:27 ERROR auth-service Generic processing error
2026-09-20 08:00:28 ERROR worker-service Generic processing error
2026-09-20 08:00:29 ERROR database-service Generic processing error
2026-09-20 08:00:30 ERROR worker-service Generic processing error
2026-09-20 08:00:31 ERROR monitoring-service Generic processing error
2026-09-20 08:00:32 ERROR notification-service Generic processing error
2026-09-20 08:00:33 ERROR payment-service Generic processing error
2026-09-20 08:00:34 ERROR auth-service Generic processing error
2026-09-20 08:00:35 ERROR api-gateway Generic processing error
2026-09-20 08:00:36 ERROR monitoring-service Generic processing error
2026-09-20 08:00:37 ERROR search-service Generic processing error
2026-09-20 08:00:38 ERROR auth-service Generic processing error
2026-09-20 08:00:39 ERROR redis-service Generic processing error
2026-09-20 08:00:40 ERROR payment-service Generic processing error
2026-09-20 08:00:41 ERROR scheduler-service Generic processing error
2026-09-20 08:00:42 ERROR worker-service Generic processing error
2026-09-20 08:00:43 ERROR inventory-service Generic processing error
2026-09-20 08:00:44 ERROR database-service Generic processing error
2026-09-20 08:00:45 ERROR redis-service Generic processing error
2026-09-20 08:00:46 ERROR api-gateway Generic processing error
2026-09-20 08:00:47 ERROR notification-service Generic processing error
2026-09-20 08:00:48 ERROR worker-service Generic processing error
2026-09-20 08:00:49 ERROR payment-service Generic processing error
2026-09-20 08:00:50 ERROR monitoring-service Generic processing error
2026-09-20 08:00:51 ERROR scheduler-service Generic processing error
2026-09-20 08:00:52 ERROR search-service Generic processing error
2026-09-20 08:00:53 ERROR api-gateway Generic processing error
2026-09-20 08:00:54 ERROR auth-service Generic processing error
2026-09-20 08:00:55 ERROR auth-service Generic processing error
2026-09-20 08:00:56 ERROR user-service Generic processing error
2026-09-20 08:00:57 ERROR payment-service Generic processing error
2026-09-20 08:00:58 ERROR worker-service Generic processing error
2026-09-20 08:00:59 ERROR payment-service Generic processing error
2026-09-20 08:01:00 ERROR notification-service Generic processing error
2026-09-20 08:01:01 ERROR database-service Generic processing error
2026-09-20 08:01:02 ERROR worker-service Generic processing error
2026-09-20 08:01:03 ERROR redis-service Generic processing error
2026-09-20 08:01:04 ERROR worker-service Generic processing error
2026-09-20 08:01:05 ERROR database-service Generic processing error
2026-09-20 08:01:06 ERROR api-gateway Generic processing error
2026-09-20 08:01:07 ERROR notification-service Generic processing error
2026-09-20 08:01:08 ERROR worker-service Generic processing error
2026-09-20 08:01:09 ERROR database-service Generic processing error
2026-09-20 08:01:10 ERROR worker-service Generic processing error
2026-09-20 08:01:11 ERROR notification-service Generic processing error
2026-09-20 08:01:12 ERROR user-service Generic processing error
2026-09-20 08:01:13 ERROR inventory-service Generic processing error
2026-09-20 08:01:14 ERROR user-service Generic processing error
2026-09-20 08:01:15 ERROR auth-service Generic processing error
2026-09-20 08:01:16 ERROR auth-service Generic processing error
2026-09-20 08:01:17 ERROR user-service Generic processing error
2026-09-20 08:01:18 ERROR worker-service Generic processing error
2026-09-20 08:01:19 ERROR database-service Generic processing error
2026-09-20 08:01:20 ERROR payment-service Generic processing error
2026-09-20 08:01:21 ERROR redis-service Generic processing error
2026-09-20 08:01:22 ERROR inventory-service Generic processing error
2026-09-20 08:01:23 ERROR search-service Generic processing error
2026-09-20 08:01:24 ERROR auth-service Generic processing error
2026-09-20 08:01:25 ERROR payment-service Generic processing error
2026-09-20 08:01:26 ERROR auth-service Generic processing error
2026-09-20 08:01:27 ERROR notification-service Generic processing error
2026-09-20 08:01:28 ERROR worker-service Generic processing error
2026-09-20 08:01:29 ERROR redis-service Generic processing error
2026-09-20 08:01:30 ERROR scheduler-service Generic processing error
2026-09-20 08:01:31 ERROR order-service Generic processing error
2026-09-20 08:01:32 ERROR worker-service Generic processing error
2026-09-20 08:01:33 ERROR redis-service Generic processing error
2026-09-20 08:01:34 ERROR inventory-service Generic processing error
2026-09-20 08:01:35 ERROR notification-service Generic processing error
2026-09-20 08:01:36 ERROR user-service Generic processing error
2026-09-20 08:01:37 ERROR database-service Generic processing error
2026-09-20 08:01:38 ERROR payment-service Generic processing error
2026-09-20 08:01:39 ERROR payment-service Generic processing error
2026-09-20 08:01:40 ERROR order-service Generic processing error
2026-09-20 08:01:41 ERROR auth-service Generic processing error
2026-09-20 08:01:42 ERROR search-service Generic processing error
2026-09-20 08:01:43 ERROR order-service Generic processing error
2026-09-20 08:01:44 ERROR user-service Generic processing error
2026-09-20 08:01:45 ERROR api-gateway Generic processing error
2026-09-20 08:01:46 ERROR api-gateway Generic processing error
2026-09-20 08:01:47 ERROR api-gateway Generic processing error
2026-09-20 08:01:48 ERROR scheduler-service Generic processing error
2026-09-20 08:01:49 ERROR user-service Generic processing error
2026-09-20 08:01:50 ERROR database-service Generic processing error
2026-09-20 08:01:51 ERROR inventory-service Generic processing error
2026-09-20 08:01:52 ERROR monitoring-service Generic processing error
2026-09-20 08:01:53 ERROR user-service Generic processing error
2026-09-20 08:01:54 ERROR search-service Generic processing error
2026-09-20 08:01:55 ERROR monitoring-service Generic processing error
2026-09-20 08:01:56 ERROR redis-service Generic processing error
2026-09-20 08:01:57 ERROR search-service Generic processing error
2026-09-20 08:01:58 ERROR scheduler-service Generic processing error
2026-09-20 08:01:59 ERROR auth-service Generic processing error
2026-09-20 08:02:00 ERROR user-service Generic processing error
2026-09-20 08:02:01 ERROR scheduler-service Generic processing error
2026-09-20 08:02:02 ERROR scheduler-service Generic processing error
2026-09-20 08:02:03 ERROR payment-service Generic processing error
2026-09-20 08:02:04 ERROR user-service Generic processing error
2026-09-20 08:02:05 ERROR auth-service Generic processing error
2026-09-20 08:02:06 ERROR order-service Generic processing error
2026-09-20 08:02:07 ERROR notification-service Generic processing error
2026-09-20 08:02:08 ERROR inventory-service Generic processing error
2026-09-20 08:02:09 ERROR search-service Generic processing error
2026-09-20 08:02:10 ERROR worker-service Generic processing error
2026-09-20 08:02:11 ERROR worker-service Generic processing error
2026-09-20 08:02:12 ERROR redis-service Generic processing error
2026-09-20 08:02:13 ERROR notification-service Generic processing error
2026-09-20 08:02:14 ERROR notification-service Generic processing error
2026-09-20 08:02:15 ERROR search-service Generic processing error
2026-09-20 08:02:16 ERROR user-service Generic processing error
2026-09-20 08:02:17 ERROR auth-service Generic processing error
2026-09-20 08:02:18 ERROR database-service Generic processing error
2026-09-20 08:02:19 ERROR monitoring-service Generic processing error
2026-09-20 08:02:20 ERROR redis-service Generic processing error
2026-09-20 08:02:21 ERROR scheduler-service Generic processing error
2026-09-20 08:02:22 ERROR order-service Generic processing error
2026-09-20 08:02:23 ERROR payment-service Generic processing error
2026-09-20 08:02:24 ERROR database-service Generic processing error
2026-09-20 08:02:25 ERROR worker-service Generic processing error
2026-09-20 08:02:26 ERROR redis-service Generic processing error
2026-09-20 08:02:27 ERROR user-service Generic processing error
2026-09-20 08:02:28 ERROR monitoring-service Generic processing error
2026-09-20 08:02:29 ERROR worker-service Generic processing error
2026-09-20 08:02:30 ERROR database-service Generic processing error
2026-09-20 08:02:31 ERROR notification-service Generic processing error
2026-09-20 08:02:32 ERROR inventory-service Generic processing error
2026-09-20 08:02:33 ERROR search-service Generic processing error
2026-09-20 08:02:34 ERROR payment-service Generic processing error
2026-09-20 08:02:35 ERROR inventory-service Generic processing error
2026-09-20 08:02:36 ERROR user-service Generic processing error
2026-09-20 08:02:37 ERROR redis-service Generic processing error
2026-09-20 08:02:38 ERROR auth-service Generic processing error
2026-09-20 08:02:39 ERROR api-gateway Generic processing error
2026-09-20 08:02:40 ERROR payment-service Generic processing error
2026-09-20 08:02:41 ERROR payment-service Generic processing error
2026-09-20 08:02:42 ERROR monitoring-service Generic processing error
2026-09-20 08:02:43 ERROR order-service Generic processing error
2026-09-20 08:02:44 ERROR worker-service Generic processing error
2026-09-20 08:02:45 ERROR api-gateway Generic processing error
2026-09-20 08:02:46 ERROR notification-service Generic processing error
2026-09-20 08:02:47 ERROR monitoring-service Generic processing error
2026-09-20 08:02:48 ERROR inventory-service Generic processing error
2026-09-20 08:02:49 ERROR auth-service Generic processing error
2026-09-20 08:02:50 ERROR scheduler-service Generic processing error
2026-09-20 08:02:51 ERROR notification-service Generic processing error
2026-09-20 08:02:52 ERROR notification-service Generic processing error
2026-09-20 08:02:53 ERROR order-service Generic processing error
2026-09-20 08:02:54 ERROR auth-service Generic processing error
2026-09-20 08:02:55 ERROR notification-service Generic processing error
2026-09-20 08:02:56 ERROR database-service Generic processing error
2026-09-20 08:02:57 ERROR monitoring-service Generic processing error
2026-09-20 08:02:58 ERROR user-service Generic processing error
2026-09-20 08:02:59 ERROR inventory-service Generic processing error
2026-09-20 08:03:00 ERROR payment-service Generic processing error
2026-09-20 08:03:01 ERROR monitoring-service Generic processing error
2026-09-20 08:03:02 ERROR auth-service Generic processing error
2026-09-20 08:03:03 ERROR database-service Generic processing error
2026-09-20 08:03:04 ERROR auth-service Generic processing error
2026-09-20 08:03:05 ERROR order-service Generic processing error
2026-09-20 08:03:06 ERROR inventory-service Generic processing error
2026-09-20 08:03:07 ERROR inventory-service Generic processing error
2026-09-20 08:03:08 ERROR user-service Generic processing error
2026-09-20 08:03:09 ERROR monitoring-service Generic processing error
2026-09-20 08:03:10 ERROR user-service Generic processing error
2026-09-20 08:03:11 ERROR database-service Generic processing error
2026-09-20 08:03:12 ERROR inventory-service Generic processing error
2026-09-20 08:03:13 ERROR worker-service Generic processing error
2026-09-20 08:03:14 ERROR notification-service Generic processing error
2026-09-20 08:03:15 ERROR inventory-service Generic processing error
2026-09-20 08:03:16 ERROR monitoring-service Generic processing error
2026-09-20 08:03:17 ERROR notification-service Generic processing error
2026-09-20 08:03:18 ERROR search-service Generic processing error
2026-09-20 08:03:19 ERROR database-service Generic processing error
2026-09-20 08:03:20 ERROR notification-service Generic processing error
2026-09-20 08:03:21 ERROR order-service Generic processing error
2026-09-20 08:03:22 ERROR redis-service Generic processing error
2026-09-20 08:03:23 ERROR database-service Generic processing error
2026-09-20 08:03:24 ERROR redis-service Generic processing error
2026-09-20 08:03:25 ERROR order-service Generic processing error
2026-09-20 08:03:26 ERROR search-service Generic processing error
2026-09-20 08:03:27 ERROR notification-service Generic processing error
2026-09-20 08:03:28 ERROR auth-service Generic processing error
2026-09-20 08:03:29 ERROR auth-service Generic processing error
2026-09-20 08:03:30 ERROR order-service Generic processing error
2026-09-20 08:03:31 ERROR monitoring-service Generic processing error
2026-09-20 08:03:32 ERROR search-service Generic processing error
2026-09-20 08:03:33 ERROR order-service Generic processing error
2026-09-20 08:03:34 ERROR scheduler-service Generic processing error
2026-09-20 08:03:35 ERROR inventory-service Generic processing error
2026-09-20 08:03:36 ERROR payment-service Generic processing error
2026-09-20 08:03:37 ERROR api-gateway Generic processing error
2026-09-20 08:03:38 ERROR order-service Generic processing error
2026-09-20 08:03:39 ERROR notification-service Generic processing error
2026-09-20 08:03:40 ERROR worker-service Generic processing error
2026-09-20 08:03:41 ERROR auth-service Generic processing error
2026-09-20 08:03:42 ERROR inventory-service Generic processing error
2026-09-20 08:03:43 ERROR api-gateway Generic processing error
2026-09-20 08:03:44 ERROR notification-service Generic processing error
2026-09-20 08:03:45 ERROR search-service Generic processing error
2026-09-20 08:03:46 ERROR auth-service Generic processing error
2026-09-20 08:03:47 ERROR search-service Generic processing error
2026-09-20 08:03:48 ERROR notification-service Generic processing error
2026-09-20 08:03:49 ERROR inventory-service Generic processing error
2026-09-20 08:03:50 ERROR notification-service Generic processing error
2026-09-20 08:03:51 ERROR redis-service Generic processing error
2026-09-20 08:03:52 ERROR inventory-service Generic processing error
2026-09-20 08:03:53 ERROR payment-service Generic processing error
2026-09-20 08:03:54 ERROR auth-service Generic processing error
2026-09-20 08:03:55 ERROR worker-service Generic processing error
2026-09-20 08:03:56 ERROR api-gateway Generic processing error
2026-09-20 08:03:57 ERROR notification-service Generic processing error
2026-09-20 08:03:58 ERROR monitoring-service Generic processing error
2026-09-20 08:03:59 ERROR auth-service Generic processing error
2026-09-20 08:04:00 ERROR monitoring-service Generic processing error
2026-09-20 08:04:01 ERROR database-service Generic processing error
2026-09-20 08:04:02 ERROR notification-service Generic processing error
2026-09-20 08:04:03 ERROR scheduler-service Generic processing error
2026-09-20 08:04:04 ERROR database-service Generic processing error
2026-09-20 08:04:05 ERROR auth-service Generic processing error
2026-09-20 08:04:06 ERROR search-service Generic processing error
2026-09-20 08:04:07 ERROR user-service Generic processing error
2026-09-20 08:04:08 ERROR scheduler-service Generic processing error
2026-09-20 08:04:09 ERROR inventory-service Generic processing error
2026-09-20 08:04:10 ERROR scheduler-service Generic processing error
2026-09-20 08:04:11 ERROR api-gateway Generic processing error
2026-09-20 08:04:12 ERROR search-service Generic processing error
2026-09-20 08:04:13 ERROR database-service Generic processing error
2026-09-20 08:04:14 ERROR search-service Generic processing error
2026-09-20 08:04:15 ERROR monitoring-service Generic processing error
2026-09-20 08:04:16 ERROR user-service Generic processing error
2026-09-20 08:04:17 ERROR order-service Generic processing error
2026-09-20 08:04:18 ERROR worker-service Generic processing error
2026-09-20 08:04:19 ERROR order-service Generic processing error
2026-09-20 08:04:20 ERROR auth-service Generic processing error
2026-09-20 08:04:21 ERROR payment-service Generic processing error
2026-09-20 08:04:22 ERROR auth-service Generic processing error
2026-09-20 08:04:23 ERROR search-service Generic processing error
2026-09-20 08:04:24 ERROR payment-service Generic processing error
2026-09-20 08:04:25 ERROR order-service Generic processing error
2026-09-20 08:04:26 ERROR notification-service Generic processing error
2026-09-20 08:04:27 ERROR monitoring-service Generic processing error
2026-09-20 08:04:28 ERROR worker-service Generic processing error
2026-09-20 08:04:29 ERROR inventory-service Generic processing error
2026-09-20 08:04:30 ERROR api-gateway Generic processing error
2026-09-20 08:04:31 ERROR auth-service Generic processing error
2026-09-20 08:04:32 ERROR auth-service Generic processing error
2026-09-20 08:04:33 ERROR monitoring-service Generic processing error
2026-09-20 08:04:34 ERROR user-service Generic processing error
2026-09-20 08:04:35 ERROR order-service Generic processing error
2026-09-20 08:04:36 ERROR database-service Generic processing error
2026-09-20 08:04:37 ERROR database-service Generic processing error
2026-09-20 08:04:38 ERROR redis-service Generic processing error
2026-09-20 08:04:39 ERROR scheduler-service Generic processing error
2026-09-20 08:04:40 ERROR scheduler-service Generic processing error
2026-09-20 08:04:41 ERROR worker-service Generic processing error
2026-09-20 08:04:42 ERROR scheduler-service Generic processing error
2026-09-20 08:04:43 ERROR scheduler-service Generic processing error
2026-09-20 08:04:44 ERROR api-gateway Generic processing error
2026-09-20 08:04:45 ERROR order-service Generic processing error
2026-09-20 08:04:46 ERROR inventory-service Generic processing error
2026-09-20 08:04:47 ERROR database-service Generic processing error
2026-09-20 08:04:48 ERROR scheduler-service Generic processing error
2026-09-20 08:04:49 ERROR search-service Generic processing error
2026-09-20 08:04:50 ERROR database-service Generic processing error
2026-09-20 08:04:51 ERROR auth-service Generic processing error
2026-09-20 08:04:52 ERROR inventory-service Generic processing error
2026-09-20 08:04:53 ERROR payment-service Generic processing error
2026-09-20 08:04:54 ERROR redis-service Generic processing error
2026-09-20 08:04:55 ERROR order-service Generic processing error
2026-09-20 08:04:56 ERROR scheduler-service Generic processing error
2026-09-20 08:04:57 ERROR worker-service Generic processing error
2026-09-20 08:04:58 ERROR api-gateway Generic processing error
2026-09-20 08:04:59 ERROR database-service Generic processing error
