2026-09-20 08:00:00 INFO api-gateway Request completed successfully
2026-09-20 08:00:01 INFO user-service Request completed successfully
2026-09-20 08:00:02 INFO user-service Request completed successfully
2026-09-20 08:00:03 INFO worker-service Request completed successfully
2026-09-20 08:00:04 INFO search-service Request completed successfully
2026-09-20 08:00:05 INFO redis-service Request completed successfully
2026-09-20 08:00:06 INFO auth-service Request completed successfully
2026-09-20 08:00:07 INFO payment-service Request completed successfully
2026-09-20 08:00:08 INFO order-service Request completed successfully
2026-09-20 08:00:09 INFO database-service Request completed successfully
2026-09-20 08:00:10 INFO redis-service Request completed successfully
2026-09-20 08:00:11 INFO worker-service Request completed successfully
2026-09-20 08:00:12 INFO auth-service Request completed successfully
2026-09-20 08:00:13 INFO monitoring-service Request completed successfully
2026-09-20 08:00:14 INFO user-service Request completed successfully
2026-09-20 08:00:15 INFO user-service Request completed successfully
2026-09-20 08:00:16 INFO database-service Request completed successfully
2026-09-20 08:00:17 INFO worker-service Request completed successfully
2026-09-20 08:00:18 INFO scheduler-service Request completed successfully
2026-09-20 08:00:19 INFO auth-service Request completed successfully
2026-09-20 08:00:20 INFO scheduler-service Request completed successfully
2026-09-20 08:00:21 INFO api-gateway Request completed successfully
2026-09-20 08:00:22 INFO search-service Request completed successfully
2026-09-20 08:00:23 INFO scheduler-service Request completed successfully
2026-09-20 08:00:24 INFO scheduler-service Request completed successfully
2026-09-20 08:00:25 INFO order-service Request completed successfully
2026-09-20 08:00:26 INFO inventory-service Request completed successfully
2026-09-20 08:00:27 INFO payment-service Request completed successfully
2026-09-20 08:00:28 INFO scheduler-service Request completed successfully
2026-09-20 08:00:29 INFO notification-service Request completed successfully
2026-09-20 08:00:30 INFO database-service Request completed successfully
2026-09-20 08:00:31 INFO notification-service Request completed successfully
2026-09-20 08:00:32 INFO monitoring-service Request completed successfully
2026-09-20 08:00:33 INFO scheduler-service Request completed successfully
2026-09-20 08:00:34 INFO database-service Request completed successfully
2026-09-20 08:00:35 INFO api-gateway Request completed successfully
2026-09-20 08:00:36 INFO notification-service Request completed successfully
2026-09-20 08:00:37 INFO user-service Request completed successfully
2026-09-20 08:00:38 INFO notification-service Request completed successfully
2026-09-20 08:00:39 INFO worker-service Request completed successfully
2026-09-20 08:00:40 INFO user-service Request completed successfully
2026-09-20 08:00:41 INFO worker-service Request completed successfully
2026-09-20 08:00:42 INFO auth-service Request completed successfully
2026-09-20 08:00:43 INFO monitoring-service Request completed successfully
2026-09-20 08:00:44 INFO monitoring-service Request completed successfully
2026-09-20 08:00:45 INFO redis-service Request completed successfully
2026-09-20 08:00:46 INFO notification-service Request completed successfully
2026-09-20 08:00:47 INFO user-service Request completed successfully
2026-09-20 08:00:48 INFO api-gateway Request completed successfully
2026-09-20 08:00:49 INFO payment-service Request completed successfully
2026-09-20 08:00:50 INFO payment-service Request completed successfully
2026-09-20 08:00:51 INFO auth-service Request completed successfully
2026-09-20 08:00:52 INFO monitoring-service Request completed successfully
2026-09-20 08:00:53 INFO auth-service Request completed successfully
2026-09-20 08:00:54 INFO api-gateway Request completed successfully
2026-09-20 08:00:55 INFO api-gateway Request completed successfully
2026-09-20 08:00:56 INFO scheduler-service Request completed successfully
2026-09-20 08:00:57 INFO worker-service Request completed successfully
2026-09-20 08:00:58 INFO redis-service Request completed successfully
2026-09-20 08:00:59 INFO order-service Request completed successfully
2026-09-20 08:01:00 INFO redis-service Request completed successfully
2026-09-20 08:01:01 INFO order-service Request completed successfully
2026-09-20 08:01:02 INFO auth-service Request completed successfully
2026-09-20 08:01:03 INFO notification-service Request completed successfully
2026-09-20 08:01:04 INFO order-service Request completed successfully
2026-09-20 08:01:05 INFO monitoring-service Request completed successfully
2026-09-20 08:01:06 INFO redis-service Request completed successfully
2026-09-20 08:01:07 INFO user-service Request completed successfully
2026-09-20 08:01:08 INFO user-service Request completed successfully
2026-09-20 08:01:09 INFO monitoring-service Request completed successfully
2026-09-20 08:01:10 INFO user-service Request completed successfully
2026-09-20 08:01:11 INFO notification-service Request completed successfully
2026-09-20 08:01:12 INFO database-service Request completed successfully
2026-09-20 08:01:13 INFO worker-service Request completed successfully
2026-09-20 08:01:14 INFO search-service Request completed successfully
2026-09-20 08:01:15 INFO notification-service Request completed successfully
2026-09-20 08:01:16 INFO api-gateway Request completed successfully
2026-09-20 08:01:17 INFO monitoring-service Request completed successfully
2026-09-20 08:01:18 INFO redis-service Request completed successfully
2026-09-20 08:01:19 INFO auth-service Request completed successfully
2026-09-20 08:01:20 INFO scheduler-service Request completed successfully
2026-09-20 08:01:21 INFO redis-service Request completed successfully
2026-09-20 08:01:22 INFO search-service Request completed successfully
2026-09-20 08:01:23 INFO notification-service Request completed successfully
2026-09-20 08:01:24 INFO database-service Request completed successfully
2026-09-20 08:01:25 INFO scheduler-service Request completed successfully
2026-09-20 08:01:26 INFO scheduler-service Request completed successfully
2026-09-20 08:01:27 INFO worker-service Request completed successfully
2026-09-20 08:01:28 INFO payment-service Request completed successfully
2026-09-20 08:01:29 INFO scheduler-service Request completed successfully
2026-09-20 08:01:30 INFO user-service Request completed successfully
2026-09-20 08:01:31 INFO notification-service Request completed successfully
2026-09-20 08:01:32 INFO api-gateway Request completed successfully
2026-09-20 08:01:33 INFO inventory-service Request completed successfully
2026-09-20 08:01:34 INFO worker-service Request completed successfully
2026-09-20 08:01:35 INFO worker-service Request completed successfully
2026-09-20 08:01:36 INFO order-service Request completed successfully
2026-09-20 08:01:37 INFO search-service Request completed successfully
2026-09-20 08:01:38 INFO order-service Request completed successfully
2026-09-20 08:01:39 INFO notification-service Request completed successfully
2026-09-20 08:01:40 INFO search-service Request completed successfully
2026-09-20 08:01:41 INFO auth-service Request completed successfully
2026-09-20 08:01:42 INFO api-gateway Request completed successfully
2026-09-20 08:01:43 INFO redis-service Request completed successfully
2026-09-20 08:01:44 INFO inventory-service Request completed successfully
2026-09-20 08:01:45 INFO notification-service Request completed successfully
2026-09-20 08:01:46 INFO order-service Request completed successfully
2026-09-20 08:01:47 INFO search-service Request completed successfully
2026-09-20 08:01:48 INFO scheduler-service Request completed successfully
2026-09-20 08:01:49 INFO api-gateway Request completed successfully
2026-09-20 08:01:50 INFO payment-service Request completed successfully
2026-09-20 08:01:51 INFO user-service Request completed successfully
2026-09-20 08:01:52 INFO auth-service Request completed successfully
2026-09-20 08:01:53 INFO order-service Request completed successfully
2026-09-20 08:01:54 INFO search-service Request completed successfully
2026-09-20 08:01:55 INFO inventory-service Request completed successfully
2026-09-20 08:01:56 INFO monitoring-service Request completed successfully
2026-09-20 08:01:57 INFO payment-service Request completed successfully
2026-09-20 08:01:58 INFO search-service Request completed successfully
2026-09-20 08:01:59 INFO user-service Request completed successfully
2026-09-20 08:02:00 INFO inventory-service Request completed successfully
2026-09-20 08:02:01 INFO api-gateway Request completed successfully
2026-09-20 08:02:02 INFO worker-service Request completed successfully
2026-09-20 08:02:03 INFO api-gateway Request completed successfully
2026-09-20 08:02:04 INFO payment-service Request completed successfully
2026-09-20 08:02:05 INFO payment-service Request completed successfully
2026-09-20 08:02:06 INFO inventory-service Request completed successfully
2026-09-20 08:02:07 INFO order-service Request completed successfully
2026-09-20 08:02:08 INFO notification-service Request completed successfully
2026-09-20 08:02:09 INFO payment-service Request completed successfully
2026-09-20 08:02:10 INFO database-service Request completed successfully
2026-09-20 08:02:11 INFO inventory-service Request completed successfully
2026-09-20 08:02:12 INFO monitoring-service Request completed successfully
2026-09-20 08:02:13 INFO redis-service Request completed successfully
2026-09-20 08:02:14 INFO scheduler-service Request completed successfully
2026-09-20 08:02:15 INFO scheduler-service Request completed successfully
2026-09-20 08:02:16 INFO scheduler-service Request completed successfully
2026-09-20 08:02:17 INFO worker-service Request completed successfully
2026-09-20 08:02:18 INFO api-gateway Request completed successfully
2026-09-20 08:02:19 INFO redis-service Request completed successfully
2026-09-20 08:02:20 INFO api-gateway Request completed successfully
2026-09-20 08:02:21 INFO user-service Request completed successfully
2026-09-20 08:02:22 INFO redis-service Request completed successfully
2026-09-20 08:02:23 INFO scheduler-service Request completed successfully
2026-09-20 08:02:24 INFO redis-service Request completed successfully
2026-09-20 08:02:25 INFO search-service Request completed successfully
2026-09-20 08:02:26 INFO worker-service Request completed successfully
2026-09-20 08:02:27 INFO monitoring-service Request completed successfully
2026-09-20 08:02:28 INFO scheduler-service Request completed successfully
2026-09-20 08:02:29 INFO scheduler-service Request completed successfully
2026-09-20 08:02:30 ERROR api-gateway One-off transient error, no recurrence
2026-09-20 08:02:30 INFO api-gateway Request completed successfully
2026-09-20 08:02:31 INFO order-service Request completed successfully
2026-09-20 08:02:32 INFO order-service Request completed successfully
2026-09-20 08:02:33 INFO worker-service Request completed successfully
2026-09-20 08:02:34 INFO payment-service Request completed successfully
2026-09-20 08:02:35 INFO api-gateway Request completed successfully
2026-09-20 08:02:36 INFO order-service Request completed successfully
2026-09-20 08:02:37 INFO api-gateway Request completed successfully
2026-09-20 08:02:38 INFO order-service Request completed successfully
2026-09-20 08:02:39 INFO user-service Request completed successfully
2026-09-20 08:02:40 INFO payment-service Request completed successfully
2026-09-20 08:02:41 INFO inventory-service Request completed successfully
2026-09-20 08:02:42 INFO notification-service Request completed successfully
2026-09-20 08:02:43 INFO notification-service Request completed successfully
2026-09-20 08:02:44 INFO redis-service Request completed successfully
2026-09-20 08:02:45 INFO inventory-service Request completed successfully
2026-09-20 08:02:46 INFO payment-service Request completed successfully
2026-09-20 08:02:47 INFO worker-service Request completed successfully
2026-09-20 08:02:48 INFO user-service Request completed successfully
2026-09-20 08:02:49 INFO inventory-service Request completed successfully
2026-09-20 08:02:50 INFO user-service Request completed successfully
2026-09-20 08:02:51 INFO redis-service Request completed successfully
2026-09-20 08:02:52 INFO worker-service Request completed successfully
2026-09-20 08:02:53 INFO worker-service Request completed successfully
2026-09-20 08:02:54 INFO payment-service Request completed successfully
2026-09-20 08:02:55 INFO order-service Request completed successfully
2026-09-20 08:02:56 INFO redis-service Request completed successfully
2026-09-20 08:02:57 INFO worker-service Request completed successfully
2026-09-20 08:02:58 INFO user-service Request completed successfully
2026-09-20 08:02:59 INFO database-service Request completed successfully
2026-09-20 08:03:00 INFO order-service Request completed successfully
2026-09-20 08:03:01 INFO database-service Request completed successfully
2026-09-20 08:03:02 INFO inventory-service Request completed successfully
2026-09-20 08:03:03 INFO inventory-service Request completed successfully
2026-09-20 08:03:04 INFO redis-service Request completed successfully
2026-09-20 08:03:05 INFO api-gateway Request completed successfully
2026-09-20 08:03:06 INFO user-service Request completed successfully
2026-09-20 08:03:07 INFO api-gateway Request completed successfully
2026-09-20 08:03:08 INFO search-service Request completed successfully
2026-09-20 08:03:09 INFO worker-service Request completed successfully
2026-09-20 08:03:10 INFO api-gateway Request completed successfully
2026-09-20 08:03:11 INFO payment-service Request completed successfully
2026-09-20 08:03:12 INFO notification-service Request completed successfully
2026-09-20 08:03:13 INFO redis-service Request completed successfully
2026-09-20 08:03:14 INFO inventory-service Request completed successfully
2026-09-20 08:03:15 INFO notification-service Request completed successfully
2026-09-20 08:03:16 INFO order-service Request completed successfully
2026-09-20 08:03:17 INFO database-service Request completed successfully
2026-09-20 08:03:18 INFO payment-service Request completed successfully
2026-09-20 08:03:19 INFO database-service Request completed successfully
2026-09-20 08:03:20 INFO database-service Request completed successfully
2026-09-20 08:03:21 INFO redis-service Request completed successfully
2026-09-20 08:03:22 INFO order-service Request completed successfully
2026-09-20 08:03:23 INFO api-gateway Request completed successfully
2026-09-20 08:03:24 INFO payment-service Request completed successfully
2026-09-20 08:03:25 INFO search-service Request completed successfully
2026-09-20 08:03:26 INFO api-gateway Request completed successfully
2026-09-20 08:03:27 INFO auth-service Request completed successfully
2026-09-20 08:03:28 INFO database-service Request completed successfully
2026-09-20 08:03:29 INFO monitoring-service Request completed successfully
2026-09-20 08:03:30 INFO worker-service Request completed successfully
2026-09-20 08:03:31 INFO payment-service Request completed successfully
2026-09-20 08:03:32 INFO notification-service Request completed successfully
2026-09-20 08:03:33 INFO search-service Request completed successfully
2026-09-20 08:03:34 INFO redis-service Request completed successfully
2026-09-20 08:03:35 INFO scheduler-service Request completed successfully
2026-09-20 08:03:36 INFO redis-service Request completed successfully
2026-09-20 08:03:37 INFO worker-service Request completed successfully
2026-09-20 08:03:38 INFO scheduler-service Request completed successfully
2026-09-20 08:03:39 INFO user-service Request completed successfully
2026-09-20 08:03:40 INFO database-service Request completed successfully
2026-09-20 08:03:41 INFO scheduler-service Request completed successfully
2026-09-20 08:03:42 INFO payment-service Request completed successfully
2026-09-20 08:03:43 INFO notification-service Request completed successfully
2026-09-20 08:03:44 INFO payment-service Request completed successfully
2026-09-20 08:03:45 INFO payment-service Request completed successfully
2026-09-20 08:03:46 INFO inventory-service Request completed successfully
2026-09-20 08:03:47 INFO redis-service Request completed successfully
2026-09-20 08:03:48 INFO notification-service Request completed successfully
2026-09-20 08:03:49 INFO notification-service Request completed successfully
2026-09-20 08:03:50 INFO monitoring-service Request completed successfully
2026-09-20 08:03:51 INFO redis-service Request completed successfully
2026-09-20 08:03:52 INFO notification-service Request completed successfully
2026-09-20 08:03:53 INFO payment-service Request completed successfully
2026-09-20 08:03:54 INFO payment-service Request completed successfully
2026-09-20 08:03:55 INFO search-service Request completed successfully
2026-09-20 08:03:56 INFO search-service Request completed successfully
2026-09-20 08:03:57 INFO database-service Request completed successfully
2026-09-20 08:03:58 INFO notification-service Request completed successfully
2026-09-20 08:03:59 INFO database-service Request completed successfully
2026-09-20 08:04:00 INFO inventory-service Request completed successfully
2026-09-20 08:04:01 INFO search-service Request completed successfully
2026-09-20 08:04:02 INFO scheduler-service Request completed successfully
2026-09-20 08:04:03 INFO scheduler-service Request completed successfully
2026-09-20 08:04:04 INFO redis-service Request completed successfully
2026-09-20 08:04:05 INFO user-service Request completed successfully
2026-09-20 08:04:06 INFO worker-service Request completed successfully
2026-09-20 08:04:07 INFO user-service Request completed successfully
2026-09-20 08:04:08 INFO auth-service Request completed successfully
2026-09-20 08:04:09 INFO notification-service Request completed successfully
2026-09-20 08:04:10 INFO payment-service Request completed successfully
2026-09-20 08:04:11 INFO database-service Request completed successfully
2026-09-20 08:04:12 INFO api-gateway Request completed successfully
2026-09-20 08:04:13 INFO scheduler-service Request completed successfully
2026-09-20 08:04:14 INFO inventory-service Request completed successfully
2026-09-20 08:04:15 INFO api-gateway Request completed successfully
2026-09-20 08:04:16 INFO inventory-service Request completed successfully
2026-09-20 08:04:17 INFO redis-service Request completed successfully
2026-09-20 08:04:18 INFO user-service Request completed successfully
2026-09-20 08:04:19 INFO inventory-service Request completed successfully
2026-09-20 08:04:20 INFO user-service Request completed successfully
2026-09-20 08:04:21 INFO order-service Request completed successfully
2026-09-20 08:04:22 INFO inventory-service Request completed successfully
2026-09-20 08:04:23 INFO worker-service Request completed successfully
2026-09-20 08:04:24 INFO redis-service Request completed successfully
2026-09-20 08:04:25 INFO payment-service Request completed successfully
2026-09-20 08:04:26 INFO search-service Request completed successfully
2026-09-20 08:04:27 INFO inventory-service Request completed successfully
2026-09-20 08:04:28 INFO notification-service Request completed successfully
2026-09-20 08:04:29 INFO inventory-service Request completed successfully
2026-09-20 08:04:30 INFO database-service Request completed successfully
2026-09-20 08:04:31 INFO scheduler-service Request completed successfully
2026-09-20 08:04:32 INFO auth-service Request completed successfully
2026-09-20 08:04:33 INFO redis-service Request completed successfully
2026-09-20 08:04:34 INFO inventory-service Request completed successfully
2026-09-20 08:04:35 INFO user-service Request completed successfully
2026-09-20 08:04:36 INFO inventory-service Request completed successfully
2026-09-20 08:04:37 INFO user-service Request completed successfully
2026-09-20 08:04:38 INFO user-service Request completed successfully
2026-09-20 08:04:39 INFO search-service Request completed successfully
2026-09-20 08:04:40 INFO worker-service Request completed successfully
2026-09-20 08:04:41 INFO search-service Request completed successfully
2026-09-20 08:04:42 INFO monitoring-service Request completed successfully
2026-09-20 08:04:43 INFO monitoring-service Request completed successfully
2026-09-20 08:04:44 INFO redis-service Request completed successfully
2026-09-20 08:04:45 INFO auth-service Request completed successfully
2026-09-20 08:04:46 INFO order-service Request completed successfully
2026-09-20 08:04:47 INFO auth-service Request completed successfully
2026-09-20 08:04:48 INFO notification-service Request completed successfully
2026-09-20 08:04:49 INFO notification-service Request completed successfully
2026-09-20 08:04:50 INFO worker-service Request completed successfully
2026-09-20 08:04:51 INFO auth-service Request completed successfully
2026-09-20 08:04:52 INFO payment-service Request completed successfully
2026-09-20 08:04:53 INFO database-service Request completed successfully
2026-09-20 08:04:54 INFO monitoring-service Request completed successfully
2026-09-20 08:04:55 INFO scheduler-service Request completed successfully
2026-09-20 08:04:56 INFO database-service Request completed successfully
2026-09-20 08:04:57 INFO inventory-service Request completed successfully
2026-09-20 08:04:58 INFO redis-service Request completed successfully
2026-09-20 08:04:59 INFO api-gateway Request completed successfully
