2026-09-20 08:00:00 DEBUG auth-service Payment authorized
2026-09-20 08:00:01 WARNING search-service Cron tick processed
2026-09-20 08:00:02 DEBUG worker-service Payment captured
2026-09-20 08:00:03 WARNING order-service Key expired normally
2026-09-20 08:00:04 INFO order-service Request routed successfully
2026-09-20 08:00:05 DEBUG auth-service Job completed successfully
2026-09-20 08:00:06 INFO scheduler-service Scheduled job started
2026-09-20 08:00:07 INFO user-service Query results returned
2026-09-20 08:00:08 INFO database-service Order confirmed
2026-09-20 08:00:09 INFO inventory-service SMS delivered
2026-09-20 08:00:10 INFO scheduler-service Cache warmed
2026-09-20 08:00:11 DEBUG redis-service Alert evaluated: no action
2026-09-20 08:00:12 WARNING auth-service Token issued
2026-09-20 08:00:13 INFO redis-service Worker heartbeat OK
2026-09-20 08:00:14 INFO api-gateway Inventory released
2026-09-20 08:00:15 WARNING order-service Refund processed successfully
2026-09-20 08:00:16 WARNING api-gateway SMS delivered
2026-09-20 08:00:17 DEBUG scheduler-service User created
2026-09-20 08:00:18 WARNING worker-service Inventory reserved
2026-09-20 08:00:19 INFO database-service Cron tick processed
2026-09-20 08:00:20 WARNING redis-service Order status updated
2026-09-20 08:00:21 DEBUG monitoring-service Job completed successfully
2026-09-20 08:00:22 WARNING notification-service Job completed successfully
2026-09-20 08:00:23 WARNING order-service Index refreshed
2026-09-20 08:00:24 INFO worker-service Cache set
2026-09-20 08:00:25 DEBUG search-service Connection acquired from pool
2026-09-20 08:00:26 INFO notification-service Metrics scraped
2026-09-20 08:00:27 DEBUG redis-service Response sent
2026-09-20 08:00:28 INFO notification-service Refund processed successfully
2026-09-20 08:00:29 INFO auth-service Request routed successfully
2026-09-20 08:00:30 INFO inventory-service Inventory reserved
2026-09-20 08:00:31 INFO worker-service Cache warmed
2026-09-20 08:00:32 INFO inventory-service Index scan completed
2026-09-20 08:00:33 INFO inventory-service Health probe OK
2026-09-20 08:00:34 INFO inventory-service Payment authorized
2026-09-20 08:00:35 INFO database-service Push notification sent
2026-09-20 08:00:36 DEBUG api-gateway Incoming request accepted
2026-09-20 08:00:37 WARNING database-service Inventory released
2026-09-20 08:00:38 INFO monitoring-service Cache set
2026-09-20 08:00:39 INFO worker-service Rate limit check passed
2026-09-20 08:00:40 DEBUG notification-service Push notification sent
2026-09-20 08:00:41 INFO inventory-service Payment authorized
2026-09-20 08:00:42 INFO order-service Order shipped
2026-09-20 08:00:43 DEBUG monitoring-service Cache warmed
2026-09-20 08:00:44 INFO api-gateway Token issued
2026-09-20 08:00:45 INFO redis-service SMS delivered
2026-09-20 08:00:46 INFO api-gateway Cache set
2026-09-20 08:00:47 INFO database-service TLS handshake completed
2026-09-20 08:00:48 DEBUG database-service Health check OK
2026-09-20 08:00:49 INFO user-service Response sent
2026-09-20 08:00:50 INFO monitoring-service Order confirmed
2026-09-20 08:00:51 INFO redis-service Job completed successfully
2026-09-20 08:00:52 DEBUG auth-service TLS handshake completed
2026-09-20 08:00:53 INFO scheduler-service Response sent
2026-09-20 08:00:54 WARNING scheduler-service Cache set
2026-09-20 08:00:55 DEBUG search-service Health probe OK
2026-09-20 08:00:56 DEBUG user-service Order created
2026-09-20 08:00:57 WARNING monitoring-service SMS delivered
2026-09-20 08:00:58 DEBUG search-service Index scan completed
2026-09-20 08:00:59 WARNING database-service Token refreshed
2026-09-20 08:01:00 INFO auth-service Key expired normally
2026-09-20 08:01:01 DEBUG user-service Inventory reserved
2026-09-20 08:01:02 WARNING order-service Cache hit
2026-09-20 08:01:03 INFO inventory-service Incoming request accepted
2026-09-20 08:01:04 INFO inventory-service Health probe OK
2026-09-20 08:01:05 INFO order-service Cache hit
2026-09-20 08:01:06 WARNING inventory-service Connection acquired from pool
2026-09-20 08:01:07 WARNING order-service Job picked up
2026-09-20 08:01:08 INFO search-service Worker heartbeat OK
2026-09-20 08:01:09 DEBUG auth-service Job completed successfully
2026-09-20 08:01:10 DEBUG auth-service Cron tick processed
2026-09-20 08:01:11 INFO order-service User authenticated successfully
2026-09-20 08:01:12 INFO payment-service Inventory released
2026-09-20 08:01:13 WARNING monitoring-service Token refreshed
2026-09-20 08:01:14 WARNING order-service Search query executed
2026-09-20 08:01:15 INFO user-service Order confirmed
2026-09-20 08:01:16 DEBUG user-service Payment gateway responded 200
2026-09-20 08:01:17 INFO worker-service Index scan completed
2026-09-20 08:01:18 INFO redis-service Push notification sent
2026-09-20 08:01:19 INFO search-service Stock level checked
2026-09-20 08:01:20 INFO payment-service Cache warmed
2026-09-20 08:01:21 INFO worker-service Cache set
2026-09-20 08:01:22 INFO api-gateway Cache set
2026-09-20 08:01:23 WARNING inventory-service Alert evaluated: no action
2026-09-20 08:01:24 WARNING notification-service Cron tick processed
2026-09-20 08:01:25 INFO payment-service Index refreshed
2026-09-20 08:01:26 INFO user-service Job picked up
2026-09-20 08:01:27 INFO notification-service TLS handshake completed
2026-09-20 08:01:28 INFO scheduler-service Cache warmed
2026-09-20 08:01:29 WARNING monitoring-service Order confirmed
2026-09-20 08:01:30 INFO notification-service Transaction committed
2026-09-20 08:01:31 WARNING user-service Refund processed successfully
2026-09-20 08:01:32 INFO scheduler-service Incoming request accepted
2026-09-20 08:01:33 INFO auth-service Search query executed
2026-09-20 08:01:34 DEBUG inventory-service Payment gateway responded 200
2026-09-20 08:01:35 DEBUG database-service Cache set
2026-09-20 08:01:36 INFO monitoring-service Session created
2026-09-20 08:01:37 INFO inventory-service Index refreshed
2026-09-20 08:01:38 INFO search-service Cache hit
2026-09-20 08:01:39 INFO auth-service User preferences updated
2026-09-20 08:01:40 INFO scheduler-service Token issued
2026-09-20 08:01:41 INFO payment-service Query executed successfully
2026-09-20 08:01:42 INFO auth-service Profile cache warmed
2026-09-20 08:01:43 WARNING api-gateway TLS handshake completed
2026-09-20 08:01:44 INFO inventory-service Order status updated
2026-09-20 08:01:45 DEBUG worker-service Key expired normally
2026-09-20 08:01:46 INFO database-service Index refreshed
2026-09-20 08:01:47 INFO payment-service Job completed successfully
2026-09-20 08:01:48 INFO database-service Inventory reserved
2026-09-20 08:01:49 INFO search-service Cache hit
2026-09-20 08:01:50 WARNING redis-service Query results returned
2026-09-20 08:01:51 DEBUG database-service Scheduled job started
2026-09-20 08:01:52 INFO redis-service Payment captured
2026-09-20 08:01:53 WARNING payment-service Inventory reserved
2026-09-20 08:01:54 WARNING api-gateway Key expired normally
2026-09-20 08:01:55 INFO redis-service Query results returned
2026-09-20 08:01:56 INFO auth-service SMS delivered
2026-09-20 08:01:57 INFO redis-service Order status updated
2026-09-20 08:01:58 INFO user-service Cache hit
2026-09-20 08:01:59 INFO api-gateway Job completed successfully
2026-09-20 08:02:00 INFO payment-service Token issued
2026-09-20 08:02:01 WARNING notification-service Job picked up
2026-09-20 08:02:02 INFO payment-service Worker heartbeat OK
2026-09-20 08:02:03 WARNING api-gateway Job completed successfully
2026-09-20 08:02:04 DEBUG redis-service Alert evaluated: no action
2026-09-20 08:02:05 DEBUG auth-service Query results returned
2026-09-20 08:02:06 WARNING redis-service Job completed successfully
2026-09-20 08:02:07 DEBUG redis-service Metrics scraped
2026-09-20 08:02:08 DEBUG worker-service Query executed successfully
2026-09-20 08:02:09 INFO notification-service Cron tick processed
2026-09-20 08:02:10 DEBUG payment-service Incoming request accepted
2026-09-20 08:02:11 WARNING auth-service Profile cache warmed
2026-09-20 08:02:12 INFO search-service Cache set
2026-09-20 08:02:13 INFO redis-service Search query executed
2026-09-20 08:02:14 INFO order-service Cron tick processed
2026-09-20 08:02:15 INFO worker-service Order status updated
2026-09-20 08:02:16 DEBUG user-service Scheduled job completed
2026-09-20 08:02:17 DEBUG notification-service Transaction committed
2026-09-20 08:02:18 INFO redis-service Index refreshed
2026-09-20 08:02:19 WARNING monitoring-service Scheduled job started
2026-09-20 08:02:20 INFO inventory-service Inventory released
2026-09-20 08:02:21 INFO api-gateway Health probe OK
2026-09-20 08:02:22 INFO user-service Scheduled job started
2026-09-20 08:02:23 INFO monitoring-service Job picked up
2026-09-20 08:02:24 DEBUG inventory-service Inventory reserved
2026-09-20 08:02:25 DEBUG worker-service Health probe OK
2026-09-20 08:02:26 INFO worker-service Rate limit check passed
2026-09-20 08:02:27 INFO worker-service Payment gateway responded 200
2026-09-20 08:02:28 INFO search-service Query results returned
2026-09-20 08:02:29 INFO redis-service Order shipped
2026-09-20 08:02:30 INFO api-gateway Order shipped
2026-09-20 08:02:31 WARNING redis-service User profile fetched
2026-09-20 08:02:32 DEBUG order-service Payment captured
2026-09-20 08:02:33 INFO api-gateway Worker heartbeat OK
2026-09-20 08:02:34 DEBUG monitoring-service Token issued
2026-09-20 08:02:35 INFO api-gateway Profile cache warmed
2026-09-20 08:02:36 WARNING database-service Payment captured
2026-09-20 08:02:37 INFO monitoring-service Cache hit
2026-09-20 08:02:38 DEBUG search-service Job completed successfully
2026-09-20 08:02:39 INFO search-service Query executed successfully
2026-09-20 08:02:40 INFO user-service Job completed successfully
2026-09-20 08:02:41 INFO inventory-service SMS delivered
2026-09-20 08:02:42 INFO order-service Push notification sent
2026-09-20 08:02:43 WARNING monitoring-service Order created
2026-09-20 08:02:44 INFO monitoring-service SMS delivered
2026-09-20 08:02:45 INFO order-service Request routed successfully
2026-09-20 08:02:46 INFO user-service Logout successful
2026-09-20 08:02:47 INFO database-service Profile cache warmed
2026-09-20 08:02:48 WARNING worker-service User profile fetched
2026-09-20 08:02:49 INFO search-service Transaction committed
2026-09-20 08:02:50 INFO scheduler-service Logout successful
2026-09-20 08:02:51 INFO worker-service Connection acquired from pool
2026-09-20 08:02:52 DEBUG redis-service SMS delivered
2026-09-20 08:02:53 INFO scheduler-service Health check OK
2026-09-20 08:02:54 WARNING payment-service Inventory released
2026-09-20 08:02:55 INFO scheduler-service Job completed successfully
2026-09-20 08:02:56 INFO user-service User preferences updated
2026-09-20 08:02:57 INFO payment-service SMS delivered
2026-09-20 08:02:58 INFO payment-service Key expired normally
2026-09-20 08:02:59 INFO redis-service Profile cache warmed
