2026-09-20 08:00:00 INFO order-service Order status updated
2026-09-20 08:00:01 INFO user-service Profile cache warmed
2026-09-20 08:00:02 INFO auth-service Logout successful
2026-09-20 08:00:03 INFO user-service User preferences updated
2026-09-20 08:00:04 WARNING redis-service Key expired normally
2026-09-20 08:00:05 INFO redis-service Cache warmed
2026-09-20 08:00:06 INFO payment-service Payment gateway responded 200
2026-09-20 08:00:07 INFO auth-service Token issued
2026-09-20 08:00:08 DEBUG auth-service User authenticated successfully
2026-09-20 08:00:09 INFO payment-service Payment gateway responded 200
2026-09-20 08:00:10 DEBUG api-gateway Response sent
2026-09-20 08:00:11 WARNING order-service Order status updated
2026-09-20 08:00:12 INFO order-service Order confirmed
2026-09-20 08:00:13 DEBUG api-gateway Incoming request accepted
2026-09-20 08:00:14 INFO scheduler-service Cron tick processed
2026-09-20 08:00:15 INFO order-service Order confirmed
2026-09-20 08:00:16 INFO scheduler-service Scheduled job completed
2026-09-20 08:00:17 INFO api-gateway Rate limit check passed
2026-09-20 08:00:18 INFO inventory-service Inventory reserved
2026-09-20 08:00:19 INFO redis-service Cache set
2026-09-20 08:00:20 INFO user-service User created
2026-09-20 08:00:21 INFO auth-service Token refreshed
2026-09-20 08:00:22 INFO monitoring-service Health probe OK
2026-09-20 08:00:23 INFO auth-service Token issued
2026-09-20 08:00:24 INFO user-service User created
2026-09-20 08:00:25 WARNING inventory-service Inventory reserved
2026-09-20 08:00:26 INFO redis-service Cache warmed
2026-09-20 08:00:27 INFO api-gateway Request routed successfully
2026-09-20 08:00:28 INFO api-gateway Health check OK
2026-09-20 08:00:29 INFO monitoring-service Metrics scraped
2026-09-20 08:00:30 INFO worker-service Job picked up
2026-09-20 08:00:31 INFO payment-service Payment captured
2026-09-20 08:00:32 INFO user-service User preferences updated
2026-09-20 08:00:33 DEBUG api-gateway TLS handshake completed
2026-09-20 08:00:34 DEBUG redis-service Cache warmed
2026-09-20 08:00:35 INFO monitoring-service Alert evaluated: no action
2026-09-20 08:00:36 INFO search-service Search query executed
2026-09-20 08:00:37 INFO search-service Index refreshed
2026-09-20 08:00:38 WARNING payment-service Payment captured
2026-09-20 08:00:39 DEBUG payment-service Payment authorized
2026-09-20 08:00:40 INFO database-service Connection acquired from pool
2026-09-20 08:00:41 INFO api-gateway Response sent
2026-09-20 08:00:42 INFO user-service Profile cache warmed
2026-09-20 08:00:43 DEBUG user-service User preferences updated
2026-09-20 08:00:44 INFO api-gateway Request routed successfully
2026-09-20 08:00:45 INFO search-service Search query executed
2026-09-20 08:00:46 INFO user-service User preferences updated
2026-09-20 08:00:47 INFO redis-service Key expired normally
2026-09-20 08:00:48 INFO notification-service Push notification sent
2026-09-20 08:00:49 INFO payment-service Payment request received
2026-09-20 08:00:50 INFO auth-service User authenticated successfully
2026-09-20 08:00:51 INFO api-gateway Response sent
2026-09-20 08:00:52 INFO payment-service Payment request received
2026-09-20 08:00:53 INFO auth-service Session created
2026-09-20 08:00:54 WARNING payment-service Payment captured
2026-09-20 08:00:55 INFO user-service User preferences updated
2026-09-20 08:00:56 INFO payment-service Refund processed successfully
2026-09-20 08:00:57 INFO database-service Transaction committed
2026-09-20 08:00:58 INFO inventory-service Inventory reserved
2026-09-20 08:00:59 INFO payment-service Payment request received
2026-09-20 08:01:00 INFO payment-service Refund processed successfully
2026-09-20 08:01:01 INFO search-service Index refreshed
2026-09-20 08:01:02 INFO notification-service Push notification sent
2026-09-20 08:01:03 DEBUG auth-service Session created
2026-09-20 08:01:04 INFO redis-service Key expired normally
2026-09-20 08:01:05 INFO worker-service Job completed successfully
2026-09-20 08:01:06 WARNING redis-service Cache hit
2026-09-20 08:01:07 INFO order-service Order created
2026-09-20 08:01:08 DEBUG user-service User preferences updated
2026-09-20 08:01:09 ERROR worker-service Queue depth elevated, consumer lag increasing
2026-09-20 08:01:10 ERROR worker-service Queue depth elevated, consumer lag increasing
2026-09-20 08:01:11 ERROR worker-service Queue depth elevated, consumer lag increasing
2026-09-20 08:01:12 ERROR worker-service Queue depth elevated, consumer lag increasing
2026-09-20 08:01:13 ERROR worker-service Queue depth elevated, consumer lag increasing
2026-09-20 08:01:14 ERROR worker-service Queue depth elevated, consumer lag increasing
2026-09-20 08:01:15 INFO payment-service Payment gateway responded 200
2026-09-20 08:01:16 INFO api-gateway Response sent
2026-09-20 08:01:17 INFO auth-service Session created
2026-09-20 08:01:18 DEBUG order-service Order shipped
2026-09-20 08:01:19 INFO payment-service Payment request received
2026-09-20 08:01:20 INFO scheduler-service Cron tick processed
2026-09-20 08:01:21 INFO payment-service Payment request received
2026-09-20 08:01:22 INFO payment-service Payment request received
2026-09-20 08:01:23 INFO worker-service Job completed successfully
2026-09-20 08:01:24 INFO database-service Index scan completed
2026-09-20 08:01:25 WARNING database-service Connection acquired from pool
2026-09-20 08:01:26 INFO notification-service SMS delivered
2026-09-20 08:01:27 INFO user-service User profile fetched
2026-09-20 08:01:28 INFO payment-service Payment captured
2026-09-20 08:01:29 INFO monitoring-service Metrics scraped
2026-09-20 08:01:30 DEBUG payment-service Payment captured
2026-09-20 08:01:31 INFO api-gateway TLS handshake completed
2026-09-20 08:01:32 INFO auth-service Logout successful
2026-09-20 08:01:33 INFO user-service User profile fetched
2026-09-20 08:01:34 INFO worker-service Worker heartbeat OK
2026-09-20 08:01:35 INFO redis-service Cache hit
2026-09-20 08:01:36 DEBUG redis-service Cache warmed
2026-09-20 08:01:37 INFO api-gateway Request routed successfully
2026-09-20 08:01:38 INFO redis-service Cache hit
2026-09-20 08:01:39 INFO api-gateway Rate limit check passed
2026-09-20 08:01:40 INFO search-service Query results returned
2026-09-20 08:01:41 DEBUG redis-service Key expired normally
2026-09-20 08:01:42 INFO auth-service Token refreshed
2026-09-20 08:01:43 DEBUG monitoring-service Health probe OK
2026-09-20 08:01:44 WARNING redis-service Cache warmed
2026-09-20 08:01:45 INFO notification-service Email queued
2026-09-20 08:01:46 INFO order-service Order shipped
2026-09-20 08:01:47 DEBUG api-gateway Incoming request accepted
2026-09-20 08:01:48 INFO notification-service SMS delivered
2026-09-20 08:01:49 INFO worker-service Job completed successfully
2026-09-20 08:01:50 INFO notification-service Email queued
2026-09-20 08:01:51 INFO database-service Index scan completed
2026-09-20 08:01:52 INFO database-service Transaction committed
2026-09-20 08:01:53 INFO order-service Order shipped
2026-09-20 08:01:54 DEBUG database-service Index scan completed
2026-09-20 08:01:55 INFO monitoring-service Metrics scraped
2026-09-20 08:01:56 INFO monitoring-service Alert evaluated: no action
2026-09-20 08:01:57 INFO notification-service Email queued
2026-09-20 08:01:58 DEBUG database-service Query executed successfully
2026-09-20 08:01:59 DEBUG auth-service User authenticated successfully
2026-09-20 08:02:00 INFO database-service Transaction committed
2026-09-20 08:02:01 DEBUG database-service Query executed successfully
2026-09-20 08:02:02 INFO redis-service Cache warmed
2026-09-20 08:02:03 INFO order-service Order status updated
2026-09-20 08:02:04 INFO auth-service Token refreshed
2026-09-20 08:02:05 INFO search-service Query results returned
2026-09-20 08:02:06 INFO monitoring-service Metrics scraped
2026-09-20 08:02:07 INFO redis-service Cache warmed
2026-09-20 08:02:08 DEBUG redis-service Cache set
2026-09-20 08:02:09 INFO auth-service User authenticated successfully
2026-09-20 08:02:10 INFO api-gateway Request routed successfully
2026-09-20 08:02:11 DEBUG redis-service Cache hit
2026-09-20 08:02:12 INFO scheduler-service Cron tick processed
2026-09-20 08:02:13 INFO search-service Query results returned
2026-09-20 08:02:14 INFO monitoring-service Health probe OK
2026-09-20 08:02:15 INFO user-service Profile cache warmed
2026-09-20 08:02:16 INFO redis-service Cache set
2026-09-20 08:02:17 INFO redis-service Cache warmed
2026-09-20 08:02:18 INFO auth-service User authenticated successfully
2026-09-20 08:02:19 INFO api-gateway TLS handshake completed
2026-09-20 08:02:20 INFO payment-service Payment gateway responded 200
2026-09-20 08:02:21 WARNING auth-service Logout successful
2026-09-20 08:02:22 INFO api-gateway TLS handshake completed
2026-09-20 08:02:23 DEBUG redis-service Key expired normally
2026-09-20 08:02:24 INFO api-gateway Request routed successfully
2026-09-20 08:02:25 INFO search-service Search query executed
2026-09-20 08:02:26 INFO inventory-service Inventory released
2026-09-20 08:02:27 INFO scheduler-service Scheduled job started
2026-09-20 08:02:28 INFO payment-service Payment captured
2026-09-20 08:02:29 INFO api-gateway Request routed successfully
2026-09-20 08:02:30 INFO order-service Order confirmed
2026-09-20 08:02:31 WARNING api-gateway Incoming request accepted
2026-09-20 08:02:32 INFO order-service Order status updated
2026-09-20 08:02:33 DEBUG auth-service User authenticated successfully
2026-09-20 08:02:34 INFO user-service User created
2026-09-20 08:02:35 INFO api-gateway Health check OK
2026-09-20 08:02:36 DEBUG search-service Index refreshed
2026-09-20 08:02:37 INFO monitoring-service Metrics scraped
2026-09-20 08:02:38 INFO redis-service Key expired normally
2026-09-20 08:02:39 INFO order-service Order status updated
2026-09-20 08:02:40 INFO redis-service Cache hit
2026-09-20 08:02:41 DEBUG payment-service Payment captured
2026-09-20 08:02:42 DEBUG notification-service SMS delivered
2026-09-20 08:02:43 INFO redis-service Cache warmed
2026-09-20 08:02:44 INFO api-gateway Request routed successfully
2026-09-20 08:02:45 WARNING inventory-service Inventory released
2026-09-20 08:02:46 DEBUG database-service Index scan completed
2026-09-20 08:02:47 INFO database-service Connection acquired from pool
2026-09-20 08:02:48 INFO order-service Order created
2026-09-20 08:02:49 DEBUG inventory-service Inventory reserved
2026-09-20 08:02:50 INFO worker-service Worker heartbeat OK
2026-09-20 08:02:51 INFO api-gateway Incoming request accepted
2026-09-20 08:02:52 INFO notification-service Email queued
2026-09-20 08:02:53 INFO inventory-service Inventory reserved
2026-09-20 08:02:54 INFO scheduler-service Scheduled job completed
2026-09-20 08:02:55 DEBUG order-service Order shipped
2026-09-20 08:02:56 INFO redis-service Key expired normally
2026-09-20 08:02:57 DEBUG notification-service SMS delivered
2026-09-20 08:02:58 INFO user-service User preferences updated
2026-09-20 08:02:59 INFO notification-service Push notification sent
