2026-09-20 08:00:00 INFO api-gateway Request routed successfully
2026-09-20 08:00:01 INFO user-service Profile cache warmed
2026-09-20 08:00:02 INFO payment-service Payment authorized
2026-09-20 08:00:03 INFO order-service Order created
2026-09-20 08:00:04 INFO api-gateway Response sent
2026-09-20 08:00:05 INFO database-service Query executed successfully
2026-09-20 08:00:06 INFO order-service Order created
2026-09-20 08:00:07 DEBUG payment-service Payment request received
2026-09-20 08:00:08 INFO database-service Connection acquired from pool
2026-09-20 08:00:09 INFO auth-service Token issued
2026-09-20 08:00:10 INFO api-gateway Response sent
2026-09-20 08:00:11 DEBUG order-service Order shipped
2026-09-20 08:00:12 DEBUG inventory-service Inventory released
2026-09-20 08:00:13 INFO redis-service Key expired normally
2026-09-20 08:00:14 WARNING auth-service User authenticated successfully
2026-09-20 08:00:15 INFO payment-service Refund processed successfully
2026-09-20 08:00:16 INFO search-service Index refreshed
2026-09-20 08:00:17 INFO redis-service Cache warmed
2026-09-20 08:00:18 INFO api-gateway Response sent
2026-09-20 08:00:19 INFO database-service Index scan completed
2026-09-20 08:00:20 INFO auth-service Token refreshed
2026-09-20 08:00:21 INFO auth-service Token issued
2026-09-20 08:00:22 INFO auth-service User authenticated successfully
2026-09-20 08:00:23 INFO user-service Profile cache warmed
2026-09-20 08:00:24 INFO notification-service Push notification sent
2026-09-20 08:00:25 DEBUG search-service Search query executed
2026-09-20 08:00:26 INFO user-service User preferences updated
2026-09-20 08:00:27 INFO api-gateway Health check OK
2026-09-20 08:00:28 INFO redis-service Cache hit
2026-09-20 08:00:29 INFO payment-service Payment captured
2026-09-20 08:00:30 WARNING order-service Order created
2026-09-20 08:00:31 INFO api-gateway Request routed successfully
2026-09-20 08:00:32 INFO database-service Query executed successfully
2026-09-20 08:00:33 INFO api-gateway Response sent
2026-09-20 08:00:34 DEBUG search-service Search query executed
2026-09-20 08:00:35 INFO database-service Query executed successfully
2026-09-20 08:00:36 INFO scheduler-service Scheduled job started
2026-09-20 08:00:37 WARNING monitoring-service Alert evaluated: no action
2026-09-20 08:00:38 INFO api-gateway TLS handshake completed
2026-09-20 08:00:39 WARNING auth-service Logout successful
2026-09-20 08:00:40 INFO payment-service Payment gateway responded 200
2026-09-20 08:00:41 INFO redis-service Cache warmed
2026-09-20 08:00:42 INFO user-service User preferences updated
2026-09-20 08:00:43 WARNING auth-service Token issued
2026-09-20 08:00:44 INFO api-gateway Rate limit check passed
2026-09-20 08:00:45 INFO api-gateway Response sent
2026-09-20 08:00:46 INFO order-service Order shipped
2026-09-20 08:00:47 INFO order-service Order shipped
2026-09-20 08:00:48 DEBUG monitoring-service Metrics scraped
2026-09-20 08:00:49 INFO monitoring-service Metrics scraped
2026-09-20 08:00:50 INFO order-service Order created
2026-09-20 08:00:51 INFO notification-service Push notification sent
2026-09-20 08:00:52 INFO scheduler-service Scheduled job completed
2026-09-20 08:00:53 INFO inventory-service Inventory reserved
2026-09-20 08:00:54 INFO auth-service Logout successful
2026-09-20 08:00:55 WARNING payment-service Payment authorized
2026-09-20 08:00:56 INFO api-gateway Incoming request accepted
2026-09-20 08:00:57 DEBUG database-service Query executed successfully
2026-09-20 08:00:58 DEBUG user-service User created
2026-09-20 08:00:59 INFO auth-service Logout successful
2026-09-20 08:01:00 INFO api-gateway Request routed successfully
2026-09-20 08:01:01 INFO order-service Order created
2026-09-20 08:01:02 INFO payment-service Payment authorized
2026-09-20 08:01:03 WARNING api-gateway Health check OK
2026-09-20 08:01:04 INFO auth-service Logout successful
2026-09-20 08:01:05 INFO scheduler-service Scheduled job completed
2026-09-20 08:01:06 DEBUG auth-service User authenticated successfully
2026-09-20 08:01:07 DEBUG redis-service Cache hit
2026-09-20 08:01:08 INFO auth-service Token refreshed
2026-09-20 08:01:09 INFO inventory-service Inventory reserved
2026-09-20 08:01:10 WARNING monitoring-service Alert evaluated: no action
2026-09-20 08:01:11 DEBUG scheduler-service Cron tick processed
2026-09-20 08:01:12 INFO database-service Transaction committed
2026-09-20 08:01:13 INFO redis-service Cache hit
2026-09-20 08:01:14 WARNING worker-service Worker heartbeat OK
2026-09-20 08:01:15 WARNING search-service Query results returned
2026-09-20 08:01:16 DEBUG monitoring-service Metrics scraped
2026-09-20 08:01:17 INFO notification-service Push notification sent
2026-09-20 08:01:18 DEBUG api-gateway Request routed successfully
2026-09-20 08:01:19 DEBUG order-service Order created
2026-09-20 08:01:20 INFO scheduler-service Scheduled job started
2026-09-20 08:01:21 INFO inventory-service Stock level checked
2026-09-20 08:01:22 INFO notification-service Email queued
2026-09-20 08:01:23 INFO auth-service Token refreshed
2026-09-20 08:01:24 INFO scheduler-service Cron tick processed
2026-09-20 08:01:25 INFO scheduler-service Cron tick processed
2026-09-20 08:01:26 DEBUG auth-service Token issued
2026-09-20 08:01:27 INFO auth-service Token issued
2026-09-20 08:01:28 INFO notification-service SMS delivered
2026-09-20 08:01:29 INFO api-gateway Health check OK
2026-09-20 08:01:30 WARNING database-service Transaction committed
2026-09-20 08:01:31 INFO monitoring-service Health probe OK
2026-09-20 08:01:32 INFO notification-service Email queued
2026-09-20 08:01:33 INFO database-service Transaction committed
2026-09-20 08:01:34 INFO search-service Search query executed
2026-09-20 08:01:35 INFO api-gateway Rate limit check passed
2026-09-20 08:01:36 WARNING api-gateway Rate limit check passed
2026-09-20 08:01:37 ERROR api-gateway Request failed, headers contain Authorization: Bearer FAKE_TOKEN_XYZ
2026-09-20 08:01:38 ERROR api-gateway Request failed, headers contain Authorization: Bearer FAKE_TOKEN_XYZ
2026-09-20 08:01:39 DEBUG scheduler-service Scheduled job completed
2026-09-20 08:01:40 INFO scheduler-service Scheduled job started
2026-09-20 08:01:41 INFO redis-service Cache hit
2026-09-20 08:01:42 INFO scheduler-service Scheduled job started
2026-09-20 08:01:43 INFO user-service User created
2026-09-20 08:01:44 DEBUG api-gateway TLS handshake completed
2026-09-20 08:01:45 INFO worker-service Worker heartbeat OK
2026-09-20 08:01:46 INFO payment-service Refund processed successfully
2026-09-20 08:01:47 DEBUG inventory-service Stock level checked
2026-09-20 08:01:48 INFO order-service Order confirmed
2026-09-20 08:01:49 INFO redis-service Cache set
2026-09-20 08:01:50 INFO api-gateway Incoming request accepted
2026-09-20 08:01:51 INFO inventory-service Inventory reserved
2026-09-20 08:01:52 DEBUG worker-service Job completed successfully
2026-09-20 08:01:53 INFO search-service Search query executed
2026-09-20 08:01:54 INFO api-gateway Rate limit check passed
2026-09-20 08:01:55 INFO notification-service SMS delivered
2026-09-20 08:01:56 WARNING worker-service Worker heartbeat OK
2026-09-20 08:01:57 DEBUG payment-service Refund processed successfully
2026-09-20 08:01:58 INFO auth-service Session created
2026-09-20 08:01:59 INFO database-service Query executed successfully
2026-09-20 08:02:00 INFO database-service Query executed successfully
2026-09-20 08:02:01 INFO user-service User preferences updated
2026-09-20 08:02:02 INFO user-service User preferences updated
2026-09-20 08:02:03 INFO scheduler-service Cron tick processed
2026-09-20 08:02:04 INFO api-gateway Incoming request accepted
2026-09-20 08:02:05 INFO worker-service Worker heartbeat OK
2026-09-20 08:02:06 DEBUG monitoring-service Alert evaluated: no action
2026-09-20 08:02:07 INFO search-service Query results returned
2026-09-20 08:02:08 INFO api-gateway TLS handshake completed
2026-09-20 08:02:09 INFO api-gateway Response sent
2026-09-20 08:02:10 DEBUG monitoring-service Metrics scraped
2026-09-20 08:02:11 INFO search-service Index refreshed
2026-09-20 08:02:12 INFO scheduler-service Cron tick processed
2026-09-20 08:02:13 INFO user-service User preferences updated
2026-09-20 08:02:14 INFO database-service Connection acquired from pool
2026-09-20 08:02:15 DEBUG inventory-service Inventory released
2026-09-20 08:02:16 DEBUG inventory-service Inventory released
2026-09-20 08:02:17 INFO order-service Order created
2026-09-20 08:02:18 INFO redis-service Key expired normally
2026-09-20 08:02:19 INFO api-gateway Request routed successfully
2026-09-20 08:02:20 DEBUG api-gateway Request routed successfully
2026-09-20 08:02:21 DEBUG inventory-service Stock level checked
2026-09-20 08:02:22 INFO redis-service Cache hit
2026-09-20 08:02:23 INFO payment-service Payment captured
2026-09-20 08:02:24 WARNING redis-service Cache set
2026-09-20 08:02:25 INFO api-gateway Request routed successfully
2026-09-20 08:02:26 INFO inventory-service Stock level checked
2026-09-20 08:02:27 INFO api-gateway Incoming request accepted
2026-09-20 08:02:28 INFO api-gateway Incoming request accepted
2026-09-20 08:02:29 INFO api-gateway Rate limit check passed
2026-09-20 08:02:30 INFO auth-service Logout successful
2026-09-20 08:02:31 INFO api-gateway Request routed successfully
2026-09-20 08:02:32 INFO payment-service Payment captured
2026-09-20 08:02:33 DEBUG worker-service Job picked up
2026-09-20 08:02:34 INFO search-service Query results returned
2026-09-20 08:02:35 INFO api-gateway Request routed successfully
2026-09-20 08:02:36 DEBUG redis-service Cache warmed
2026-09-20 08:02:37 INFO auth-service Token refreshed
2026-09-20 08:02:38 DEBUG redis-service Cache warmed
2026-09-20 08:02:39 DEBUG payment-service Payment gateway responded 200
2026-09-20 08:02:40 INFO monitoring-service Metrics scraped
2026-09-20 08:02:41 DEBUG api-gateway Health check OK
2026-09-20 08:02:42 DEBUG payment-service Payment captured
2026-09-20 08:02:43 INFO user-service User profile fetched
2026-09-20 08:02:44 INFO scheduler-service Scheduled job started
2026-09-20 08:02:45 INFO notification-service SMS delivered
2026-09-20 08:02:46 INFO redis-service Key expired normally
2026-09-20 08:02:47 INFO search-service Search query executed
2026-09-20 08:02:48 INFO payment-service Payment authorized
2026-09-20 08:02:49 WARNING auth-service User authenticated successfully
2026-09-20 08:02:50 DEBUG api-gateway Rate limit check passed
2026-09-20 08:02:51 INFO scheduler-service Scheduled job completed
2026-09-20 08:02:52 DEBUG api-gateway Rate limit check passed
2026-09-20 08:02:53 INFO notification-service SMS delivered
2026-09-20 08:02:54 WARNING database-service Connection acquired from pool
2026-09-20 08:02:55 INFO worker-service Job completed successfully
2026-09-20 08:02:56 WARNING user-service User preferences updated
2026-09-20 08:02:57 WARNING redis-service Cache warmed
2026-09-20 08:02:58 INFO api-gateway Rate limit check passed
2026-09-20 08:02:59 INFO monitoring-service Metrics scraped
