2026-09-20 08:00:00 INFO notification-service Email queued
2026-09-20 08:00:01 INFO payment-service Payment authorized
2026-09-20 08:00:02 INFO auth-service Logout successful
2026-09-20 08:00:03 INFO order-service Order created
2026-09-20 08:00:04 DEBUG payment-service Payment authorized
2026-09-20 08:00:05 DEBUG monitoring-service Alert evaluated: no action
2026-09-20 08:00:06 WARNING notification-service Push notification sent
2026-09-20 08:00:07 INFO order-service Order confirmed
2026-09-20 08:00:08 INFO payment-service Payment captured
2026-09-20 08:00:09 INFO order-service Order status updated
2026-09-20 08:00:10 INFO database-service Connection acquired from pool
2026-09-20 08:00:11 INFO order-service Order confirmed
2026-09-20 08:00:12 INFO payment-service Refund processed successfully
2026-09-20 08:00:13 DEBUG search-service Query results returned
2026-09-20 08:00:14 INFO worker-service Job completed successfully
2026-09-20 08:00:15 DEBUG notification-service SMS delivered
2026-09-20 08:00:16 INFO scheduler-service Cron tick processed
2026-09-20 08:00:17 INFO payment-service Refund processed successfully
2026-09-20 08:00:18 INFO user-service User created
2026-09-20 08:00:19 INFO monitoring-service Metrics scraped
2026-09-20 08:00:20 INFO order-service Order status updated
2026-09-20 08:00:21 INFO notification-service Email queued
2026-09-20 08:00:22 DEBUG notification-service SMS delivered
2026-09-20 08:00:23 DEBUG order-service Order shipped
2026-09-20 08:00:24 DEBUG payment-service Payment request received
2026-09-20 08:00:25 DEBUG auth-service Token refreshed
2026-09-20 08:00:26 INFO database-service Transaction committed
2026-09-20 08:00:27 INFO order-service Order status updated
2026-09-20 08:00:28 INFO user-service User profile fetched
2026-09-20 08:00:29 INFO database-service Query executed successfully
2026-09-20 08:00:30 INFO worker-service Job picked up
2026-09-20 08:00:31 INFO database-service Query executed successfully
2026-09-20 08:00:32 INFO api-gateway Incoming request accepted
2026-09-20 08:00:33 INFO database-service Connection acquired from pool
2026-09-20 08:00:34 INFO auth-service Session created
2026-09-20 08:00:35 DEBUG monitoring-service Alert evaluated: no action
2026-09-20 08:00:36 INFO notification-service Push notification sent
2026-09-20 08:00:37 INFO api-gateway Response sent
2026-09-20 08:00:38 INFO database-service Transaction committed
2026-09-20 08:00:39 INFO scheduler-service Scheduled job completed
2026-09-20 08:00:40 INFO auth-service User authenticated successfully
2026-09-20 08:00:41 INFO payment-service Payment gateway responded 200
2026-09-20 08:00:42 INFO order-service Order confirmed
2026-09-20 08:00:43 INFO monitoring-service Health probe OK
2026-09-20 08:00:44 INFO database-service Index scan completed
2026-09-20 08:00:45 INFO payment-service Refund processed successfully
2026-09-20 08:00:46 INFO auth-service User authenticated successfully
2026-09-20 08:00:47 WARNING user-service Profile cache warmed
2026-09-20 08:00:48 INFO notification-service Push notification sent
2026-09-20 08:00:49 DEBUG user-service User profile fetched
2026-09-20 08:00:50 INFO notification-service Push notification sent
2026-09-20 08:00:51 INFO inventory-service Stock level checked
2026-09-20 08:00:52 INFO payment-service Refund processed successfully
2026-09-20 08:00:53 INFO api-gateway Response sent
2026-09-20 08:00:54 INFO scheduler-service Scheduled job completed
2026-09-20 08:00:55 INFO order-service Order confirmed
2026-09-20 08:00:56 WARNING redis-service Cache set
2026-09-20 08:00:57 INFO inventory-service Inventory reserved
2026-09-20 08:00:58 DEBUG scheduler-service Scheduled job started
2026-09-20 08:00:59 DEBUG search-service Search query executed
2026-09-20 08:01:00 INFO database-service Index scan completed
2026-09-20 08:01:01 INFO database-service Transaction committed
2026-09-20 08:01:02 DEBUG search-service Search query executed
2026-09-20 08:01:03 INFO worker-service Job completed successfully
2026-09-20 08:01:04 INFO user-service User profile fetched
2026-09-20 08:01:05 WARNING database-service Index scan completed
2026-09-20 08:01:06 INFO redis-service Cache warmed
2026-09-20 08:01:07 DEBUG auth-service User authenticated successfully
2026-09-20 08:01:08 INFO order-service Order confirmed
2026-09-20 08:01:09 INFO monitoring-service Alert evaluated: no action
2026-09-20 08:01:10 INFO api-gateway Request routed successfully
2026-09-20 08:01:11 INFO api-gateway Health check OK
2026-09-20 08:01:12 INFO search-service Search query executed
2026-09-20 08:01:13 INFO database-service Query executed successfully
2026-09-20 08:01:14 INFO inventory-service Inventory released
2026-09-20 08:01:15 INFO order-service Order created
2026-09-20 08:01:16 INFO notification-service Push notification sent
2026-09-20 08:01:17 INFO user-service User profile fetched
2026-09-20 08:01:18 DEBUG order-service Order created
2026-09-20 08:01:19 INFO worker-service Job picked up
2026-09-20 08:01:20 INFO inventory-service Inventory released
2026-09-20 08:01:21 INFO monitoring-service Metrics scraped
2026-09-20 08:01:22 INFO search-service Search query executed
2026-09-20 08:01:23 INFO database-service Connection acquired from pool
2026-09-20 08:01:24 INFO order-service Order shipped
2026-09-20 08:01:25 INFO notification-service Email queued
2026-09-20 08:01:26 INFO redis-service Cache warmed
2026-09-20 08:01:27 INFO api-gateway Health check OK
2026-09-20 08:01:28 INFO database-service Index scan completed
2026-09-20 08:01:29 INFO auth-service User authenticated successfully
2026-09-20 08:01:30 INFO inventory-service Inventory reserved
2026-09-20 08:01:31 INFO payment-service Payment captured
2026-09-20 08:01:32 DEBUG auth-service Token refreshed
2026-09-20 08:01:33 DEBUG scheduler-service Scheduled job completed
2026-09-20 08:01:34 DEBUG worker-service Job picked up
2026-09-20 08:01:35 DEBUG payment-service Payment request received
2026-09-20 08:01:36 INFO api-gateway Response sent
2026-09-20 08:01:37 INFO order-service Order status updated
2026-09-20 08:01:38 INFO database-service Connection acquired from pool
2026-09-20 08:01:39 WARNING payment-service Payment authorized
2026-09-20 08:01:40 INFO payment-service Payment request received
2026-09-20 08:01:41 INFO api-gateway Incoming request accepted
2026-09-20 08:01:42 INFO payment-service Payment gateway responded 200
2026-09-20 08:01:43 INFO redis-service Cache hit
2026-09-20 08:01:44 INFO user-service User created
2026-09-20 08:01:45 INFO redis-service Cache set
2026-09-20 08:01:46 INFO redis-service Cache set
2026-09-20 08:01:47 DEBUG order-service Order status updated
2026-09-20 08:01:48 INFO payment-service Payment request received
2026-09-20 08:01:49 DEBUG redis-service Cache warmed
2026-09-20 08:01:50 INFO redis-service Cache warmed
2026-09-20 08:01:51 DEBUG auth-service User authenticated successfully
2026-09-20 08:01:52 INFO auth-service User authenticated successfully
2026-09-20 08:01:53 INFO redis-service Key expired normally
2026-09-20 08:01:54 DEBUG api-gateway Request routed successfully
2026-09-20 08:01:55 DEBUG user-service User preferences updated
2026-09-20 08:01:56 INFO inventory-service Inventory reserved
2026-09-20 08:01:57 DEBUG api-gateway Response sent
2026-09-20 08:01:58 DEBUG redis-service Cache hit
2026-09-20 08:01:59 INFO api-gateway Response sent
2026-09-20 08:02:00 DEBUG monitoring-service Health probe OK
2026-09-20 08:02:01 INFO auth-service Token refreshed
2026-09-20 08:02:02 INFO api-gateway TLS handshake completed
2026-09-20 08:02:03 INFO auth-service Token issued
2026-09-20 08:02:04 DEBUG monitoring-service Alert evaluated: no action
2026-09-20 08:02:05 INFO order-service Order confirmed
2026-09-20 08:02:06 INFO api-gateway Rate limit check passed
2026-09-20 08:02:07 INFO auth-service Token issued
2026-09-20 08:02:08 INFO inventory-service Inventory released
2026-09-20 08:02:09 INFO auth-service User authenticated successfully
2026-09-20 08:02:10 INFO user-service User preferences updated
2026-09-20 08:02:11 INFO auth-service Session created
2026-09-20 08:02:12 DEBUG notification-service Push notification sent
2026-09-20 08:02:13 INFO user-service User preferences updated
2026-09-20 08:02:14 ERROR search-service Health probe failed (timeout 3s)
2026-09-20 08:02:15 ERROR search-service Health probe failed (timeout 3s)
2026-09-20 08:02:16 ERROR search-service Health probe failed (timeout 3s)
2026-09-20 08:02:17 ERROR search-service Health probe failed (timeout 3s)
2026-09-20 08:02:18 ERROR search-service Health probe failed (timeout 3s)
2026-09-20 08:02:19 WARNING notification-service Email queued
2026-09-20 08:02:20 DEBUG redis-service Cache set
2026-09-20 08:02:21 WARNING auth-service Session created
2026-09-20 08:02:22 INFO api-gateway Rate limit check passed
2026-09-20 08:02:23 WARNING monitoring-service Health probe OK
2026-09-20 08:02:24 DEBUG user-service User profile fetched
2026-09-20 08:02:25 INFO order-service Order shipped
2026-09-20 08:02:26 INFO search-service Index refreshed
2026-09-20 08:02:27 INFO redis-service Cache set
2026-09-20 08:02:28 INFO scheduler-service Scheduled job started
2026-09-20 08:02:29 INFO monitoring-service Metrics scraped
2026-09-20 08:02:30 INFO payment-service Payment captured
2026-09-20 08:02:31 WARNING payment-service Payment gateway responded 200
2026-09-20 08:02:32 DEBUG database-service Connection acquired from pool
2026-09-20 08:02:33 DEBUG api-gateway TLS handshake completed
2026-09-20 08:02:34 DEBUG redis-service Key expired normally
2026-09-20 08:02:35 INFO inventory-service Stock level checked
2026-09-20 08:02:36 DEBUG worker-service Job picked up
2026-09-20 08:02:37 INFO monitoring-service Alert evaluated: no action
2026-09-20 08:02:38 DEBUG notification-service Email queued
2026-09-20 08:02:39 INFO notification-service Email queued
2026-09-20 08:02:40 INFO notification-service Push notification sent
2026-09-20 08:02:41 INFO order-service Order confirmed
2026-09-20 08:02:42 INFO notification-service SMS delivered
2026-09-20 08:02:43 INFO redis-service Cache set
2026-09-20 08:02:44 WARNING order-service Order shipped
2026-09-20 08:02:45 INFO redis-service Cache warmed
2026-09-20 08:02:46 INFO search-service Index refreshed
2026-09-20 08:02:47 INFO redis-service Cache warmed
2026-09-20 08:02:48 INFO notification-service Push notification sent
2026-09-20 08:02:49 INFO database-service Transaction committed
2026-09-20 08:02:50 INFO notification-service Email queued
2026-09-20 08:02:51 INFO api-gateway Request routed successfully
2026-09-20 08:02:52 WARNING database-service Connection acquired from pool
2026-09-20 08:02:53 INFO monitoring-service Health probe OK
2026-09-20 08:02:54 DEBUG api-gateway Health check OK
2026-09-20 08:02:55 DEBUG redis-service Cache hit
2026-09-20 08:02:56 WARNING scheduler-service Scheduled job completed
2026-09-20 08:02:57 WARNING redis-service Key expired normally
2026-09-20 08:02:58 INFO payment-service Payment gateway responded 200
2026-09-20 08:02:59 DEBUG payment-service Payment gateway responded 200
