2026-09-20 08:00:00 WARNING order-service Order created
2026-09-20 08:00:01 INFO redis-service Cache hit
2026-09-20 08:00:02 DEBUG api-gateway TLS handshake completed
2026-09-20 08:00:03 INFO notification-service Email queued
2026-09-20 08:00:04 WARNING inventory-service Inventory reserved
2026-09-20 08:00:05 INFO scheduler-service Scheduled job started
2026-09-20 08:00:06 INFO search-service Search query executed
2026-09-20 08:00:07 INFO inventory-service Inventory released
2026-09-20 08:00:08 INFO redis-service Cache set
2026-09-20 08:00:09 INFO database-service Transaction committed
2026-09-20 08:00:10 INFO payment-service Payment captured
2026-09-20 08:00:11 WARNING inventory-service Stock level checked
2026-09-20 08:00:12 INFO api-gateway Request routed successfully
2026-09-20 08:00:13 INFO user-service User preferences updated
2026-09-20 08:00:14 DEBUG user-service User profile fetched
2026-09-20 08:00:15 INFO monitoring-service Metrics scraped
2026-09-20 08:00:16 INFO worker-service Job completed successfully
2026-09-20 08:00:17 WARNING api-gateway TLS handshake completed
2026-09-20 08:00:18 INFO payment-service Payment authorized
2026-09-20 08:00:19 INFO database-service Connection acquired from pool
2026-09-20 08:00:20 DEBUG redis-service Key expired normally
2026-09-20 08:00:21 INFO notification-service Email queued
2026-09-20 08:00:22 INFO api-gateway Incoming request accepted
2026-09-20 08:00:23 INFO monitoring-service Metrics scraped
2026-09-20 08:00:24 WARNING database-service Index scan completed
2026-09-20 08:00:25 INFO monitoring-service Alert evaluated: no action
2026-09-20 08:00:26 INFO auth-service Token issued
2026-09-20 08:00:27 INFO scheduler-service Cron tick processed
2026-09-20 08:00:28 INFO auth-service Token issued
2026-09-20 08:00:29 INFO auth-service Session created
2026-09-20 08:00:30 INFO user-service User preferences updated
2026-09-20 08:00:31 INFO user-service User preferences updated
2026-09-20 08:00:32 INFO api-gateway Rate limit check passed
2026-09-20 08:00:33 INFO payment-service Payment authorized
2026-09-20 08:00:34 INFO database-service Index scan completed
2026-09-20 08:00:35 INFO user-service User preferences updated
2026-09-20 08:00:36 INFO payment-service Refund processed successfully
2026-09-20 08:00:37 DEBUG api-gateway Request routed successfully
2026-09-20 08:00:38 DEBUG payment-service Payment gateway responded 200
2026-09-20 08:00:39 INFO scheduler-service Cron tick processed
2026-09-20 08:00:40 DEBUG monitoring-service Metrics scraped
2026-09-20 08:00:41 INFO api-gateway Request routed successfully
2026-09-20 08:00:42 DEBUG order-service Order confirmed
2026-09-20 08:00:43 INFO auth-service Token refreshed
2026-09-20 08:00:44 DEBUG api-gateway Request routed successfully
2026-09-20 08:00:45 INFO api-gateway Health check OK
2026-09-20 08:00:46 INFO inventory-service Stock level checked
2026-09-20 08:00:47 INFO user-service User created
2026-09-20 08:00:48 INFO inventory-service Inventory reserved
2026-09-20 08:00:49 DEBUG redis-service Cache warmed
2026-09-20 08:00:50 DEBUG api-gateway Request routed successfully
2026-09-20 08:00:51 INFO database-service Index scan completed
2026-09-20 08:00:52 INFO monitoring-service Alert evaluated: no action
2026-09-20 08:00:53 DEBUG api-gateway TLS handshake completed
2026-09-20 08:00:54 INFO payment-service Payment authorized
2026-09-20 08:00:55 DEBUG api-gateway Request routed successfully
2026-09-20 08:00:56 INFO api-gateway TLS handshake completed
2026-09-20 08:00:57 INFO monitoring-service Health probe OK
2026-09-20 08:00:58 INFO payment-service Refund processed successfully
2026-09-20 08:00:59 INFO payment-service Payment captured
2026-09-20 08:01:00 WARNING auth-service Token issued
2026-09-20 08:01:01 INFO monitoring-service Metrics scraped
2026-09-20 08:01:02 INFO worker-service Worker heartbeat OK
2026-09-20 08:01:03 INFO monitoring-service Alert evaluated: no action
2026-09-20 08:01:04 INFO notification-service SMS delivered
2026-09-20 08:01:05 DEBUG search-service Index refreshed
2026-09-20 08:01:06 INFO api-gateway Request routed successfully
2026-09-20 08:01:07 INFO scheduler-service Cron tick processed
2026-09-20 08:01:08 WARNING redis-service Cache hit
2026-09-20 08:01:09 WARNING api-gateway TLS handshake completed
2026-09-20 08:01:10 INFO redis-service Cache set
2026-09-20 08:01:11 INFO user-service User profile fetched
2026-09-20 08:01:12 DEBUG api-gateway Rate limit check passed
2026-09-20 08:01:13 INFO search-service Search query executed
2026-09-20 08:01:14 ERROR auth-service Failed login attempt for user
2026-09-20 08:01:15 ERROR auth-service Failed login attempt for user
2026-09-20 08:01:16 ERROR auth-service Failed login attempt for user
2026-09-20 08:01:17 ERROR auth-service Failed login attempt for user
2026-09-20 08:01:18 ERROR auth-service Failed login attempt for user
2026-09-20 08:01:19 ERROR auth-service Failed login attempt for user
2026-09-20 08:01:20 ERROR auth-service Failed login attempt for user
2026-09-20 08:01:21 ERROR auth-service Failed login attempt for user
2026-09-20 08:01:22 INFO redis-service Cache warmed
2026-09-20 08:01:23 INFO worker-service Worker heartbeat OK
2026-09-20 08:01:24 DEBUG notification-service Email queued
2026-09-20 08:01:25 INFO payment-service Payment request received
2026-09-20 08:01:26 WARNING auth-service Logout successful
2026-09-20 08:01:27 WARNING api-gateway TLS handshake completed
2026-09-20 08:01:28 INFO database-service Index scan completed
2026-09-20 08:01:29 DEBUG order-service Order created
2026-09-20 08:01:30 INFO search-service Search query executed
2026-09-20 08:01:31 INFO order-service Order status updated
2026-09-20 08:01:32 INFO order-service Order confirmed
2026-09-20 08:01:33 INFO monitoring-service Health probe OK
2026-09-20 08:01:34 DEBUG user-service Profile cache warmed
2026-09-20 08:01:35 DEBUG api-gateway Health check OK
2026-09-20 08:01:36 INFO user-service User profile fetched
2026-09-20 08:01:37 DEBUG worker-service Job completed successfully
2026-09-20 08:01:38 INFO order-service Order status updated
2026-09-20 08:01:39 INFO monitoring-service Health probe OK
2026-09-20 08:01:40 INFO inventory-service Inventory released
2026-09-20 08:01:41 INFO notification-service Push notification sent
2026-09-20 08:01:42 INFO redis-service Key expired normally
2026-09-20 08:01:43 INFO user-service User profile fetched
2026-09-20 08:01:44 INFO scheduler-service Scheduled job completed
2026-09-20 08:01:45 INFO inventory-service Inventory reserved
2026-09-20 08:01:46 INFO payment-service Refund processed successfully
2026-09-20 08:01:47 DEBUG payment-service Payment request received
2026-09-20 08:01:48 INFO payment-service Payment captured
2026-09-20 08:01:49 INFO worker-service Job picked up
2026-09-20 08:01:50 INFO payment-service Payment captured
2026-09-20 08:01:51 WARNING redis-service Cache hit
2026-09-20 08:01:52 INFO scheduler-service Scheduled job started
2026-09-20 08:01:53 INFO payment-service Payment captured
2026-09-20 08:01:54 INFO database-service Transaction committed
2026-09-20 08:01:55 INFO monitoring-service Alert evaluated: no action
2026-09-20 08:01:56 DEBUG api-gateway Request routed successfully
2026-09-20 08:01:57 DEBUG inventory-service Inventory reserved
2026-09-20 08:01:58 INFO database-service Index scan completed
2026-09-20 08:01:59 INFO api-gateway Response sent
2026-09-20 08:02:00 INFO scheduler-service Scheduled job started
2026-09-20 08:02:01 INFO payment-service Payment captured
2026-09-20 08:02:02 INFO order-service Order shipped
2026-09-20 08:02:03 INFO auth-service Token issued
2026-09-20 08:02:04 WARNING payment-service Payment gateway responded 200
2026-09-20 08:02:05 INFO auth-service Session created
2026-09-20 08:02:06 DEBUG notification-service SMS delivered
2026-09-20 08:02:07 DEBUG user-service User created
2026-09-20 08:02:08 DEBUG search-service Index refreshed
2026-09-20 08:02:09 INFO monitoring-service Alert evaluated: no action
2026-09-20 08:02:10 INFO payment-service Payment captured
2026-09-20 08:02:11 DEBUG order-service Order confirmed
2026-09-20 08:02:12 INFO payment-service Payment authorized
2026-09-20 08:02:13 INFO api-gateway Response sent
2026-09-20 08:02:14 WARNING search-service Query results returned
2026-09-20 08:02:15 INFO order-service Order shipped
2026-09-20 08:02:16 INFO user-service User created
2026-09-20 08:02:17 DEBUG inventory-service Inventory reserved
2026-09-20 08:02:18 DEBUG api-gateway Rate limit check passed
2026-09-20 08:02:19 DEBUG search-service Search query executed
2026-09-20 08:02:20 INFO api-gateway Incoming request accepted
2026-09-20 08:02:21 DEBUG inventory-service Inventory released
2026-09-20 08:02:22 DEBUG api-gateway TLS handshake completed
2026-09-20 08:02:23 INFO auth-service Logout successful
2026-09-20 08:02:24 DEBUG notification-service SMS delivered
2026-09-20 08:02:25 INFO api-gateway TLS handshake completed
2026-09-20 08:02:26 WARNING monitoring-service Metrics scraped
2026-09-20 08:02:27 WARNING auth-service Token issued
2026-09-20 08:02:28 INFO payment-service Payment captured
2026-09-20 08:02:29 INFO search-service Query results returned
2026-09-20 08:02:30 DEBUG order-service Order shipped
2026-09-20 08:02:31 INFO api-gateway Health check OK
2026-09-20 08:02:32 WARNING user-service User profile fetched
2026-09-20 08:02:33 INFO scheduler-service Scheduled job completed
2026-09-20 08:02:34 INFO database-service Connection acquired from pool
2026-09-20 08:02:35 INFO notification-service Email queued
2026-09-20 08:02:36 WARNING auth-service Session created
2026-09-20 08:02:37 INFO monitoring-service Alert evaluated: no action
2026-09-20 08:02:38 INFO monitoring-service Health probe OK
2026-09-20 08:02:39 INFO inventory-service Stock level checked
2026-09-20 08:02:40 INFO user-service Profile cache warmed
2026-09-20 08:02:41 WARNING payment-service Refund processed successfully
2026-09-20 08:02:42 WARNING inventory-service Inventory released
2026-09-20 08:02:43 INFO search-service Query results returned
2026-09-20 08:02:44 DEBUG api-gateway Health check OK
2026-09-20 08:02:45 INFO api-gateway TLS handshake completed
2026-09-20 08:02:46 INFO api-gateway Request routed successfully
2026-09-20 08:02:47 INFO scheduler-service Cron tick processed
2026-09-20 08:02:48 WARNING search-service Query results returned
2026-09-20 08:02:49 INFO scheduler-service Cron tick processed
2026-09-20 08:02:50 INFO payment-service Refund processed successfully
2026-09-20 08:02:51 INFO order-service Order shipped
2026-09-20 08:02:52 DEBUG inventory-service Inventory released
2026-09-20 08:02:53 INFO inventory-service Inventory released
2026-09-20 08:02:54 WARNING payment-service Payment gateway responded 200
2026-09-20 08:02:55 DEBUG monitoring-service Health probe OK
2026-09-20 08:02:56 DEBUG worker-service Worker heartbeat OK
2026-09-20 08:02:57 INFO notification-service SMS delivered
2026-09-20 08:02:58 INFO auth-service User authenticated successfully
2026-09-20 08:02:59 INFO api-gateway Request routed successfully
