2026-09-20 08:00:00 INFO user-service User created
2026-09-20 08:00:01 INFO order-service Order confirmed
2026-09-20 08:00:02 DEBUG api-gateway TLS handshake completed
2026-09-20 08:00:03 INFO api-gateway Health check OK
2026-09-20 08:00:04 INFO payment-service Payment authorized
2026-09-20 08:00:05 INFO search-service Search query executed
2026-09-20 08:00:06 INFO search-service Query results returned
2026-09-20 08:00:07 INFO auth-service Token refreshed
2026-09-20 08:00:08 INFO user-service User created
2026-09-20 08:00:09 WARNING inventory-service Inventory reserved
2026-09-20 08:00:10 INFO payment-service Payment gateway responded 200
2026-09-20 08:00:11 INFO search-service Search query executed
2026-09-20 08:00:12 DEBUG order-service Order status updated
2026-09-20 08:00:13 INFO database-service Connection acquired from pool
2026-09-20 08:00:14 INFO api-gateway Incoming request accepted
2026-09-20 08:00:15 INFO inventory-service Inventory released
2026-09-20 08:00:16 WARNING auth-service Logout successful
2026-09-20 08:00:17 DEBUG inventory-service Inventory released
2026-09-20 08:00:18 INFO inventory-service Inventory released
2026-09-20 08:00:19 INFO user-service Profile cache warmed
2026-09-20 08:00:20 INFO api-gateway Health check OK
2026-09-20 08:00:21 INFO user-service User created
2026-09-20 08:00:22 DEBUG search-service Query results returned
2026-09-20 08:00:23 WARNING inventory-service Inventory released
2026-09-20 08:00:24 DEBUG inventory-service Inventory reserved
2026-09-20 08:00:25 INFO auth-service Token issued
2026-09-20 08:00:26 INFO api-gateway Response sent
2026-09-20 08:00:27 DEBUG order-service Order status updated
2026-09-20 08:00:28 WARNING order-service Order status updated
2026-09-20 08:00:29 DEBUG worker-service Worker heartbeat OK
2026-09-20 08:00:30 INFO notification-service Push notification sent
2026-09-20 08:00:31 INFO scheduler-service Cron tick processed
2026-09-20 08:00:32 INFO api-gateway TLS handshake completed
2026-09-20 08:00:33 INFO payment-service Payment request received
2026-09-20 08:00:34 INFO api-gateway Incoming request accepted
2026-09-20 08:00:35 INFO notification-service Push notification sent
2026-09-20 08:00:36 DEBUG order-service Order status updated
2026-09-20 08:00:37 INFO user-service User profile fetched
2026-09-20 08:00:38 INFO auth-service Token refreshed
2026-09-20 08:00:39 INFO order-service Order created
2026-09-20 08:00:40 INFO redis-service Key expired normally
2026-09-20 08:00:41 INFO scheduler-service Scheduled job completed
2026-09-20 08:00:42 INFO user-service User profile fetched
2026-09-20 08:00:43 INFO order-service Order status updated
2026-09-20 08:00:44 INFO worker-service Worker heartbeat OK
2026-09-20 08:00:45 WARNING scheduler-service Scheduled job started
2026-09-20 08:00:46 INFO notification-service SMS delivered
2026-09-20 08:00:47 INFO order-service Order created
2026-09-20 08:00:48 INFO payment-service Payment authorized
2026-09-20 08:00:49 DEBUG monitoring-service Metrics scraped
2026-09-20 08:00:50 WARNING worker-service Job picked up
2026-09-20 08:00:51 INFO search-service Query results returned
2026-09-20 08:00:52 INFO inventory-service Inventory reserved
2026-09-20 08:00:53 WARNING monitoring-service Metrics scraped
2026-09-20 08:00:54 INFO scheduler-service Scheduled job completed
2026-09-20 08:00:55 INFO auth-service Token refreshed
2026-09-20 08:00:56 INFO inventory-service Stock level checked
2026-09-20 08:00:57 INFO redis-service Cache set
2026-09-20 08:00:58 INFO order-service Order created
2026-09-20 08:00:59 INFO database-service Connection acquired from pool
2026-09-20 08:01:00 INFO worker-service Job completed successfully
2026-09-20 08:01:01 INFO inventory-service Inventory reserved
2026-09-20 08:01:02 INFO api-gateway Request routed successfully
2026-09-20 08:01:03 DEBUG notification-service SMS delivered
2026-09-20 08:01:04 WARNING auth-service User authenticated successfully
2026-09-20 08:01:05 INFO monitoring-service Metrics scraped
2026-09-20 08:01:06 INFO database-service Query executed successfully
2026-09-20 08:01:07 INFO api-gateway TLS handshake completed
2026-09-20 08:01:08 INFO auth-service Logout successful
2026-09-20 08:01:09 DEBUG worker-service Job picked up
2026-09-20 08:01:10 DEBUG auth-service User authenticated successfully
2026-09-20 08:01:11 INFO search-service Search query executed
2026-09-20 08:01:12 INFO database-service Connection acquired from pool
2026-09-20 08:01:13 INFO auth-service Token issued
2026-09-20 08:01:14 INFO payment-service Refund processed successfully
2026-09-20 08:01:15 INFO search-service Search query executed
2026-09-20 08:01:16 INFO auth-service Token refreshed
2026-09-20 08:01:17 INFO payment-service Payment captured
2026-09-20 08:01:18 INFO inventory-service Inventory reserved
2026-09-20 08:01:19 DEBUG api-gateway Rate limit check passed
2026-09-20 08:01:20 WARNING redis-service Cache set
2026-09-20 08:01:21 INFO order-service Order created
2026-09-20 08:01:22 INFO payment-service Payment gateway responded 200
2026-09-20 08:01:23 INFO notification-service SMS delivered
2026-09-20 08:01:24 INFO redis-service Cache warmed
2026-09-20 08:01:25 DEBUG user-service User profile fetched
2026-09-20 08:01:26 WARNING database-service Query executed successfully
2026-09-20 08:01:27 WARNING search-service Index refreshed
2026-09-20 08:01:28 INFO payment-service Payment gateway responded 200
2026-09-20 08:01:29 INFO redis-service Cache hit
2026-09-20 08:01:30 DEBUG worker-service Job picked up
2026-09-20 08:01:31 INFO payment-service Payment captured
2026-09-20 08:01:32 DEBUG auth-service User authenticated successfully
2026-09-20 08:01:33 INFO payment-service Payment request received
2026-09-20 08:01:34 DEBUG api-gateway Request routed successfully
2026-09-20 08:01:35 DEBUG search-service Index refreshed
2026-09-20 08:01:36 INFO monitoring-service Health probe OK
2026-09-20 08:01:37 INFO database-service Index scan completed
2026-09-20 08:01:38 INFO payment-service Payment captured
2026-09-20 08:01:39 INFO user-service Profile cache warmed
2026-09-20 08:01:40 INFO api-gateway Response sent
2026-09-20 08:01:41 DEBUG database-service Index scan completed
2026-09-20 08:01:42 DEBUG search-service Search query executed
2026-09-20 08:01:43 INFO worker-service Worker heartbeat OK
2026-09-20 08:01:44 INFO order-service Order created
2026-09-20 08:01:45 INFO order-service Order confirmed
2026-09-20 08:01:46 INFO scheduler-service Scheduled job started
2026-09-20 08:01:47 DEBUG inventory-service Stock level checked
2026-09-20 08:01:48 INFO notification-service Push notification sent
2026-09-20 08:01:49 INFO redis-service Key expired normally
2026-09-20 08:01:50 DEBUG search-service Index refreshed
2026-09-20 08:01:51 WARNING redis-service Cache set
2026-09-20 08:01:52 DEBUG payment-service Payment authorized
2026-09-20 08:01:53 INFO scheduler-service Scheduled job completed
2026-09-20 08:01:54 WARNING user-service User created
2026-09-20 08:01:55 INFO auth-service Token refreshed
2026-09-20 08:01:56 INFO auth-service User authenticated successfully
2026-09-20 08:01:57 WARNING notification-service Email queued
2026-09-20 08:01:58 INFO scheduler-service Cron tick processed
2026-09-20 08:01:59 INFO payment-service Payment captured
2026-09-20 08:02:00 INFO notification-service SMS delivered
2026-09-20 08:02:01 WARNING auth-service Token refreshed
2026-09-20 08:02:02 INFO inventory-service Inventory released
2026-09-20 08:02:03 INFO database-service Transaction committed
2026-09-20 08:02:04 WARNING api-gateway Rate limit check passed
2026-09-20 08:02:05 WARNING inventory-service Inventory reserved
2026-09-20 08:02:06 INFO scheduler-service Cron tick processed
2026-09-20 08:02:07 DEBUG notification-service Push notification sent
2026-09-20 08:02:08 INFO redis-service Cache set
2026-09-20 08:02:09 INFO auth-service Logout successful
2026-09-20 08:02:10 INFO api-gateway Rate limit check passed
2026-09-20 08:02:11 DEBUG order-service Order created
2026-09-20 08:02:12 INFO database-service Transaction committed
2026-09-20 08:02:13 INFO payment-service Payment captured
2026-09-20 08:02:14 INFO api-gateway TLS handshake completed
2026-09-20 08:02:15 INFO api-gateway Rate limit check passed
2026-09-20 08:02:16 INFO scheduler-service Scheduled job completed
2026-09-20 08:02:17 ERROR database-service Slow query detected query_time_ms=6500
2026-09-20 08:02:18 ERROR database-service Slow query detected query_time_ms=6500
2026-09-20 08:02:19 ERROR database-service Slow query detected query_time_ms=6500
2026-09-20 08:02:20 ERROR database-service Slow query detected query_time_ms=6500
2026-09-20 08:02:21 DEBUG api-gateway Incoming request accepted
2026-09-20 08:02:22 INFO database-service Connection acquired from pool
2026-09-20 08:02:23 INFO worker-service Worker heartbeat OK
2026-09-20 08:02:24 INFO notification-service Email queued
2026-09-20 08:02:25 INFO monitoring-service Health probe OK
2026-09-20 08:02:26 INFO payment-service Payment gateway responded 200
2026-09-20 08:02:27 DEBUG inventory-service Inventory released
2026-09-20 08:02:28 WARNING redis-service Key expired normally
2026-09-20 08:02:29 INFO notification-service Email queued
2026-09-20 08:02:30 INFO api-gateway Request routed successfully
2026-09-20 08:02:31 INFO auth-service Logout successful
2026-09-20 08:02:32 INFO auth-service Token issued
2026-09-20 08:02:33 WARNING worker-service Job completed successfully
2026-09-20 08:02:34 INFO search-service Query results returned
2026-09-20 08:02:35 INFO inventory-service Inventory reserved
2026-09-20 08:02:36 WARNING user-service User profile fetched
2026-09-20 08:02:37 DEBUG scheduler-service Cron tick processed
2026-09-20 08:02:38 INFO redis-service Key expired normally
2026-09-20 08:02:39 INFO order-service Order created
2026-09-20 08:02:40 INFO worker-service Job picked up
2026-09-20 08:02:41 INFO payment-service Payment request received
2026-09-20 08:02:42 WARNING auth-service Token refreshed
2026-09-20 08:02:43 INFO scheduler-service Scheduled job started
2026-09-20 08:02:44 INFO worker-service Worker heartbeat OK
2026-09-20 08:02:45 INFO redis-service Key expired normally
2026-09-20 08:02:46 INFO scheduler-service Scheduled job completed
2026-09-20 08:02:47 INFO search-service Search query executed
2026-09-20 08:02:48 INFO user-service User profile fetched
2026-09-20 08:02:49 INFO scheduler-service Scheduled job completed
2026-09-20 08:02:50 INFO api-gateway Rate limit check passed
2026-09-20 08:02:51 INFO search-service Index refreshed
2026-09-20 08:02:52 DEBUG order-service Order created
2026-09-20 08:02:53 INFO user-service User created
2026-09-20 08:02:54 INFO worker-service Job completed successfully
2026-09-20 08:02:55 INFO inventory-service Inventory released
2026-09-20 08:02:56 INFO notification-service Email queued
2026-09-20 08:02:57 DEBUG payment-service Payment captured
2026-09-20 08:02:58 WARNING auth-service Session created
2026-09-20 08:02:59 INFO user-service User profile fetched
