2026-09-20 08:00:00 DEBUG inventory-service Inventory released
2026-09-20 08:00:01 INFO auth-service Logout successful
2026-09-20 08:00:02 DEBUG database-service Index scan completed
2026-09-20 08:00:03 INFO user-service User profile fetched
2026-09-20 08:00:04 INFO scheduler-service Scheduled job completed
2026-09-20 08:00:05 DEBUG api-gateway Response sent
2026-09-20 08:00:06 INFO payment-service Payment request received
2026-09-20 08:00:07 INFO scheduler-service Scheduled job started
2026-09-20 08:00:08 INFO order-service Order created
2026-09-20 08:00:09 INFO auth-service Token refreshed
2026-09-20 08:00:10 WARNING search-service Query results returned
2026-09-20 08:00:11 INFO inventory-service Inventory released
2026-09-20 08:00:12 WARNING api-gateway Rate limit check passed
2026-09-20 08:00:13 DEBUG payment-service Payment authorized
2026-09-20 08:00:14 INFO worker-service Job completed successfully
2026-09-20 08:00:15 DEBUG api-gateway Request routed successfully
2026-09-20 08:00:16 DEBUG auth-service Token refreshed
2026-09-20 08:00:17 INFO payment-service Refund processed successfully
2026-09-20 08:00:18 INFO auth-service Token refreshed
2026-09-20 08:00:19 INFO database-service Transaction committed
2026-09-20 08:00:20 INFO user-service User profile fetched
2026-09-20 08:00:21 INFO worker-service Worker heartbeat OK
2026-09-20 08:00:22 INFO payment-service Payment authorized
2026-09-20 08:00:23 INFO redis-service Cache warmed
2026-09-20 08:00:24 INFO order-service Order created
2026-09-20 08:00:25 INFO api-gateway Health check OK
2026-09-20 08:00:26 INFO redis-service Key expired normally
2026-09-20 08:00:27 INFO inventory-service Inventory released
2026-09-20 08:00:28 INFO user-service User profile fetched
2026-09-20 08:00:29 INFO worker-service Job completed successfully
2026-09-20 08:00:30 WARNING search-service Query results returned
2026-09-20 08:00:31 INFO api-gateway Request routed successfully
2026-09-20 08:00:32 INFO auth-service User authenticated successfully
2026-09-20 08:00:33 INFO monitoring-service Health probe OK
2026-09-20 08:00:34 INFO search-service Index refreshed
2026-09-20 08:00:35 INFO monitoring-service Health probe OK
2026-09-20 08:00:36 INFO order-service Order created
2026-09-20 08:00:37 DEBUG order-service Order shipped
2026-09-20 08:00:38 INFO scheduler-service Scheduled job completed
2026-09-20 08:00:39 INFO monitoring-service Alert evaluated: no action
2026-09-20 08:00:40 INFO monitoring-service Metrics scraped
2026-09-20 08:00:41 INFO payment-service Payment captured
2026-09-20 08:00:42 INFO payment-service Payment authorized
2026-09-20 08:00:43 DEBUG auth-service Token issued
2026-09-20 08:00:44 INFO notification-service Email queued
2026-09-20 08:00:45 WARNING redis-service Cache set
2026-09-20 08:00:46 INFO payment-service Payment request received
2026-09-20 08:00:47 INFO user-service User preferences updated
2026-09-20 08:00:48 INFO monitoring-service Alert evaluated: no action
2026-09-20 08:00:49 INFO auth-service Token issued
2026-09-20 08:00:50 INFO auth-service Token refreshed
2026-09-20 08:00:51 INFO monitoring-service Health probe OK
2026-09-20 08:00:52 INFO api-gateway Response sent
2026-09-20 08:00:53 INFO auth-service Token refreshed
2026-09-20 08:00:54 INFO notification-service Push notification sent
2026-09-20 08:00:55 WARNING order-service Order shipped
2026-09-20 08:00:56 INFO auth-service Session created
2026-09-20 08:00:57 INFO auth-service Token refreshed
2026-09-20 08:00:58 INFO monitoring-service Health probe OK
2026-09-20 08:00:59 INFO api-gateway Request routed successfully
2026-09-20 08:01:00 INFO payment-service Payment request received
2026-09-20 08:01:01 INFO api-gateway Request routed successfully
2026-09-20 08:01:02 WARNING search-service Index refreshed
2026-09-20 08:01:03 DEBUG order-service Order shipped
2026-09-20 08:01:04 INFO search-service Query results returned
2026-09-20 08:01:05 DEBUG api-gateway Health check OK
2026-09-20 08:01:06 INFO payment-service Payment captured
2026-09-20 08:01:07 INFO order-service Order shipped
2026-09-20 08:01:08 WARNING payment-service Payment gateway responded 200
2026-09-20 08:01:09 DEBUG user-service User profile fetched
2026-09-20 08:01:10 INFO payment-service Payment gateway responded 200
2026-09-20 08:01:11 INFO auth-service Session created
2026-09-20 08:01:12 DEBUG search-service Index refreshed
2026-09-20 08:01:13 INFO worker-service Job picked up
2026-09-20 08:01:14 DEBUG notification-service SMS delivered
2026-09-20 08:01:15 INFO user-service User preferences updated
2026-09-20 08:01:16 DEBUG api-gateway Response sent
2026-09-20 08:01:17 INFO scheduler-service Scheduled job completed
2026-09-20 08:01:18 INFO scheduler-service Scheduled job started
2026-09-20 08:01:19 INFO scheduler-service Scheduled job completed
2026-09-20 08:01:20 INFO redis-service Key expired normally
2026-09-20 08:01:21 INFO user-service User preferences updated
2026-09-20 08:01:22 INFO monitoring-service Alert evaluated: no action
2026-09-20 08:01:23 INFO redis-service Cache set
2026-09-20 08:01:24 INFO api-gateway Incoming request accepted
2026-09-20 08:01:25 INFO scheduler-service Scheduled job completed
2026-09-20 08:01:26 WARNING payment-service Payment request received
2026-09-20 08:01:27 DEBUG payment-service Refund processed successfully
2026-09-20 08:01:28 INFO user-service User preferences updated
2026-09-20 08:01:29 DEBUG notification-service SMS delivered
2026-09-20 08:01:30 INFO scheduler-service Cron tick processed
2026-09-20 08:01:31 DEBUG database-service Query executed successfully
2026-09-20 08:01:32 WARNING inventory-service Stock level checked
2026-09-20 08:01:33 INFO redis-service Key expired normally
2026-09-20 08:01:34 DEBUG auth-service User authenticated successfully
2026-09-20 08:01:35 WARNING api-gateway TLS handshake completed
2026-09-20 08:01:36 INFO user-service Profile cache warmed
2026-09-20 08:01:37 INFO auth-service User authenticated successfully
2026-09-20 08:01:38 INFO user-service User profile fetched
2026-09-20 08:01:39 INFO scheduler-service Scheduled job started
2026-09-20 08:01:40 DEBUG auth-service Token refreshed
2026-09-20 08:01:41 DEBUG payment-service Payment request received
2026-09-20 08:01:42 DEBUG search-service Index refreshed
2026-09-20 08:01:43 INFO auth-service Token issued
2026-09-20 08:01:44 INFO database-service Index scan completed
2026-09-20 08:01:45 INFO scheduler-service Scheduled job started
2026-09-20 08:01:46 INFO api-gateway Incoming request accepted
2026-09-20 08:01:47 INFO payment-service Refund processed successfully
2026-09-20 08:01:48 ERROR database-service Connection timeout after 5000ms
2026-09-20 08:01:49 ERROR database-service Connection timeout after 5000ms
2026-09-20 08:01:50 ERROR database-service Connection timeout after 5000ms
2026-09-20 08:01:51 ERROR database-service Connection timeout after 5000ms
2026-09-20 08:01:52 ERROR database-service Connection timeout after 5000ms
2026-09-20 08:01:53 ERROR database-service Connection timeout after 5000ms
2026-09-20 08:01:54 INFO notification-service Push notification sent
2026-09-20 08:01:55 DEBUG payment-service Payment gateway responded 200
2026-09-20 08:01:56 INFO payment-service Refund processed successfully
2026-09-20 08:01:57 INFO api-gateway Rate limit check passed
2026-09-20 08:01:58 INFO monitoring-service Alert evaluated: no action
2026-09-20 08:01:59 INFO inventory-service Inventory reserved
2026-09-20 08:02:00 INFO inventory-service Inventory released
2026-09-20 08:02:01 INFO api-gateway Response sent
2026-09-20 08:02:02 INFO auth-service Token issued
2026-09-20 08:02:03 INFO redis-service Cache hit
2026-09-20 08:02:04 INFO api-gateway Request routed successfully
2026-09-20 08:02:05 INFO database-service Query executed successfully
2026-09-20 08:02:06 DEBUG api-gateway Health check OK
2026-09-20 08:02:07 INFO database-service Connection acquired from pool
2026-09-20 08:02:08 WARNING order-service Order confirmed
2026-09-20 08:02:09 WARNING redis-service Key expired normally
2026-09-20 08:02:10 INFO api-gateway Health check OK
2026-09-20 08:02:11 INFO auth-service Token refreshed
2026-09-20 08:02:12 DEBUG api-gateway TLS handshake completed
2026-09-20 08:02:13 DEBUG monitoring-service Alert evaluated: no action
2026-09-20 08:02:14 DEBUG notification-service Push notification sent
2026-09-20 08:02:15 DEBUG api-gateway TLS handshake completed
2026-09-20 08:02:16 INFO redis-service Cache hit
2026-09-20 08:02:17 DEBUG redis-service Key expired normally
2026-09-20 08:02:18 INFO database-service Transaction committed
2026-09-20 08:02:19 INFO api-gateway Response sent
2026-09-20 08:02:20 DEBUG database-service Connection acquired from pool
2026-09-20 08:02:21 DEBUG payment-service Payment authorized
2026-09-20 08:02:22 INFO user-service User profile fetched
2026-09-20 08:02:23 INFO scheduler-service Scheduled job completed
2026-09-20 08:02:24 INFO monitoring-service Metrics scraped
2026-09-20 08:02:25 WARNING payment-service Payment authorized
2026-09-20 08:02:26 INFO payment-service Payment authorized
2026-09-20 08:02:27 INFO redis-service Cache set
2026-09-20 08:02:28 INFO api-gateway Response sent
2026-09-20 08:02:29 INFO api-gateway Request routed successfully
2026-09-20 08:02:30 INFO user-service Profile cache warmed
2026-09-20 08:02:31 WARNING api-gateway Incoming request accepted
2026-09-20 08:02:32 INFO payment-service Refund processed successfully
2026-09-20 08:02:33 INFO monitoring-service Health probe OK
2026-09-20 08:02:34 DEBUG payment-service Payment captured
2026-09-20 08:02:35 DEBUG payment-service Refund processed successfully
2026-09-20 08:02:36 DEBUG inventory-service Inventory reserved
2026-09-20 08:02:37 DEBUG order-service Order confirmed
2026-09-20 08:02:38 INFO redis-service Cache warmed
2026-09-20 08:02:39 DEBUG api-gateway TLS handshake completed
2026-09-20 08:02:40 WARNING scheduler-service Cron tick processed
2026-09-20 08:02:41 INFO worker-service Job completed successfully
2026-09-20 08:02:42 INFO redis-service Cache warmed
2026-09-20 08:02:43 INFO monitoring-service Metrics scraped
2026-09-20 08:02:44 INFO database-service Query executed successfully
2026-09-20 08:02:45 INFO inventory-service Stock level checked
2026-09-20 08:02:46 INFO auth-service Token refreshed
2026-09-20 08:02:47 INFO inventory-service Inventory released
2026-09-20 08:02:48 INFO order-service Order shipped
2026-09-20 08:02:49 WARNING auth-service Session created
2026-09-20 08:02:50 INFO database-service Query executed successfully
2026-09-20 08:02:51 INFO worker-service Job picked up
2026-09-20 08:02:52 INFO user-service Profile cache warmed
2026-09-20 08:02:53 WARNING api-gateway Health check OK
2026-09-20 08:02:54 DEBUG worker-service Worker heartbeat OK
2026-09-20 08:02:55 INFO order-service Order shipped
2026-09-20 08:02:56 INFO order-service Order shipped
2026-09-20 08:02:57 DEBUG order-service Order shipped
2026-09-20 08:02:58 DEBUG api-gateway Rate limit check passed
2026-09-20 08:02:59 INFO payment-service Payment request received
