2026-09-20 08:00:00 INFO worker-service Job picked up
2026-09-20 08:00:01 INFO auth-service Session created
2026-09-20 08:00:02 INFO order-service Order confirmed
2026-09-20 08:00:03 INFO database-service Index scan completed
2026-09-20 08:00:04 INFO monitoring-service Health probe OK
2026-09-20 08:00:05 DEBUG api-gateway Incoming request accepted
2026-09-20 08:00:06 INFO worker-service Job picked up
2026-09-20 08:00:07 INFO monitoring-service Alert evaluated: no action
2026-09-20 08:00:08 INFO scheduler-service Cron tick processed
2026-09-20 08:00:09 INFO worker-service Job picked up
2026-09-20 08:00:10 DEBUG order-service Order confirmed
2026-09-20 08:00:11 INFO notification-service Push notification sent
2026-09-20 08:00:12 INFO payment-service Payment authorized
2026-09-20 08:00:13 WARNING search-service Search query executed
2026-09-20 08:00:14 INFO inventory-service Inventory released
2026-09-20 08:00:15 INFO api-gateway Rate limit check passed
2026-09-20 08:00:16 INFO api-gateway Incoming request accepted
2026-09-20 08:00:17 INFO database-service Transaction committed
2026-09-20 08:00:18 INFO api-gateway Rate limit check passed
2026-09-20 08:00:19 INFO api-gateway Response sent
2026-09-20 08:00:20 DEBUG inventory-service Inventory reserved
2026-09-20 08:00:21 INFO payment-service Payment gateway responded 200
2026-09-20 08:00:22 INFO inventory-service Inventory released
2026-09-20 08:00:23 INFO worker-service Job picked up
2026-09-20 08:00:24 INFO user-service User created
2026-09-20 08:00:25 INFO database-service Index scan completed
2026-09-20 08:00:26 INFO api-gateway Health check OK
2026-09-20 08:00:27 INFO api-gateway Health check OK
2026-09-20 08:00:28 INFO database-service Index scan completed
2026-09-20 08:00:29 WARNING redis-service Cache warmed
2026-09-20 08:00:30 DEBUG redis-service Key expired normally
2026-09-20 08:00:31 INFO worker-service Job picked up
2026-09-20 08:00:32 DEBUG user-service User preferences updated
2026-09-20 08:00:33 INFO inventory-service Inventory released
2026-09-20 08:00:34 WARNING notification-service Email queued
2026-09-20 08:00:35 DEBUG worker-service Worker heartbeat OK
2026-09-20 08:00:36 INFO search-service Search query executed
2026-09-20 08:00:37 INFO inventory-service Stock level checked
2026-09-20 08:00:38 INFO payment-service Payment gateway responded 200
2026-09-20 08:00:39 INFO inventory-service Inventory reserved
2026-09-20 08:00:40 INFO api-gateway Request routed successfully
2026-09-20 08:00:41 DEBUG database-service Index scan completed
2026-09-20 08:00:42 INFO api-gateway Health check OK
2026-09-20 08:00:43 INFO payment-service Payment authorized
2026-09-20 08:00:44 INFO search-service Query results returned
2026-09-20 08:00:45 WARNING auth-service User authenticated successfully
2026-09-20 08:00:46 DEBUG inventory-service Inventory released
2026-09-20 08:00:47 INFO user-service User profile fetched
2026-09-20 08:00:48 INFO auth-service Token refreshed
2026-09-20 08:00:49 INFO search-service Search query executed
2026-09-20 08:00:50 DEBUG worker-service Job picked up
2026-09-20 08:00:51 INFO user-service User profile fetched
2026-09-20 08:00:52 INFO database-service Index scan completed
2026-09-20 08:00:53 INFO database-service Connection acquired from pool
2026-09-20 08:00:54 DEBUG api-gateway TLS handshake completed
2026-09-20 08:00:55 INFO monitoring-service Metrics scraped
2026-09-20 08:00:56 WARNING worker-service Job completed successfully
2026-09-20 08:00:57 INFO payment-service Refund processed successfully
2026-09-20 08:00:58 INFO worker-service Job completed successfully
2026-09-20 08:00:59 INFO auth-service Token refreshed
2026-09-20 08:01:00 INFO api-gateway Health check OK
2026-09-20 08:01:01 WARNING payment-service Refund processed successfully
2026-09-20 08:01:02 INFO notification-service SMS delivered
2026-09-20 08:01:03 DEBUG api-gateway Request routed successfully
2026-09-20 08:01:04 INFO user-service User preferences updated
2026-09-20 08:01:05 INFO inventory-service Inventory reserved
2026-09-20 08:01:06 DEBUG scheduler-service Scheduled job completed
2026-09-20 08:01:07 INFO search-service Index refreshed
2026-09-20 08:01:08 INFO monitoring-service Health probe OK
2026-09-20 08:01:09 WARNING payment-service Payment captured
2026-09-20 08:01:10 INFO user-service User created
2026-09-20 08:01:11 DEBUG order-service Order created
2026-09-20 08:01:12 INFO monitoring-service Health probe OK
2026-09-20 08:01:13 DEBUG user-service Profile cache warmed
2026-09-20 08:01:14 INFO order-service Order shipped
2026-09-20 08:01:15 INFO monitoring-service Health probe OK
2026-09-20 08:01:16 INFO database-service Transaction committed
2026-09-20 08:01:17 INFO scheduler-service Scheduled job started
2026-09-20 08:01:18 INFO notification-service Push notification sent
2026-09-20 08:01:19 WARNING monitoring-service Alert evaluated: no action
2026-09-20 08:01:20 DEBUG worker-service Worker heartbeat OK
2026-09-20 08:01:21 INFO auth-service Logout successful
2026-09-20 08:01:22 INFO scheduler-service Scheduled job started
2026-09-20 08:01:23 INFO database-service Transaction committed
2026-09-20 08:01:24 INFO payment-service Payment authorized
2026-09-20 08:01:25 INFO scheduler-service Scheduled job completed
2026-09-20 08:01:26 INFO database-service Connection acquired from pool
2026-09-20 08:01:27 INFO order-service Order status updated
2026-09-20 08:01:28 INFO scheduler-service Scheduled job completed
2026-09-20 08:01:29 WARNING payment-service Refund processed successfully
2026-09-20 08:01:30 INFO payment-service Payment captured
2026-09-20 08:01:31 INFO api-gateway Rate limit check passed
2026-09-20 08:01:32 INFO notification-service SMS delivered
2026-09-20 08:01:33 WARNING search-service Index refreshed
2026-09-20 08:01:34 INFO inventory-service Inventory released
2026-09-20 08:01:35 DEBUG api-gateway Response sent
2026-09-20 08:01:36 INFO redis-service Cache warmed
2026-09-20 08:01:37 WARNING database-service Connection acquired from pool
2026-09-20 08:01:38 WARNING worker-service Job completed successfully
2026-09-20 08:01:39 INFO payment-service Payment captured
2026-09-20 08:01:40 DEBUG user-service User profile fetched
2026-09-20 08:01:41 INFO database-service Index scan completed
2026-09-20 08:01:42 WARNING payment-service Payment gateway responded 200
2026-09-20 08:01:43 INFO redis-service Key expired normally
2026-09-20 08:01:44 INFO api-gateway Request routed successfully
2026-09-20 08:01:45 DEBUG inventory-service Inventory reserved
2026-09-20 08:01:46 WARNING notification-service SMS delivered
2026-09-20 08:01:47 INFO redis-service Key expired normally
2026-09-20 08:01:48 ERROR notification-service Retry exhaustion: message moved to dead-letter queue
2026-09-20 08:01:49 ERROR notification-service Retry exhaustion: message moved to dead-letter queue
2026-09-20 08:01:50 ERROR notification-service Retry exhaustion: message moved to dead-letter queue
2026-09-20 08:01:51 DEBUG auth-service User authenticated successfully
2026-09-20 08:01:52 INFO order-service Order shipped
2026-09-20 08:01:53 WARNING redis-service Cache warmed
2026-09-20 08:01:54 INFO search-service Search query executed
2026-09-20 08:01:55 INFO payment-service Refund processed successfully
2026-09-20 08:01:56 INFO monitoring-service Metrics scraped
2026-09-20 08:01:57 INFO scheduler-service Cron tick processed
2026-09-20 08:01:58 INFO auth-service Token refreshed
2026-09-20 08:01:59 INFO redis-service Cache set
2026-09-20 08:02:00 INFO inventory-service Inventory reserved
2026-09-20 08:02:01 INFO notification-service SMS delivered
2026-09-20 08:02:02 INFO notification-service Push notification sent
2026-09-20 08:02:03 WARNING order-service Order status updated
2026-09-20 08:02:04 DEBUG notification-service Email queued
2026-09-20 08:02:05 INFO payment-service Payment authorized
2026-09-20 08:02:06 DEBUG database-service Index scan completed
2026-09-20 08:02:07 WARNING database-service Index scan completed
2026-09-20 08:02:08 INFO user-service User profile fetched
2026-09-20 08:02:09 DEBUG auth-service Logout successful
2026-09-20 08:02:10 INFO auth-service Token issued
2026-09-20 08:02:11 DEBUG monitoring-service Metrics scraped
2026-09-20 08:02:12 INFO monitoring-service Health probe OK
2026-09-20 08:02:13 WARNING payment-service Refund processed successfully
2026-09-20 08:02:14 DEBUG inventory-service Inventory reserved
2026-09-20 08:02:15 INFO api-gateway Request routed successfully
2026-09-20 08:02:16 INFO user-service User created
2026-09-20 08:02:17 WARNING worker-service Job picked up
2026-09-20 08:02:18 INFO scheduler-service Scheduled job started
2026-09-20 08:02:19 DEBUG inventory-service Inventory reserved
2026-09-20 08:02:20 INFO search-service Index refreshed
2026-09-20 08:02:21 WARNING api-gateway Response sent
2026-09-20 08:02:22 INFO user-service Profile cache warmed
2026-09-20 08:02:23 INFO worker-service Job completed successfully
2026-09-20 08:02:24 INFO api-gateway Rate limit check passed
2026-09-20 08:02:25 WARNING scheduler-service Cron tick processed
2026-09-20 08:02:26 INFO api-gateway Response sent
2026-09-20 08:02:27 DEBUG payment-service Payment authorized
2026-09-20 08:02:28 INFO database-service Index scan completed
2026-09-20 08:02:29 INFO database-service Connection acquired from pool
2026-09-20 08:02:30 INFO search-service Query results returned
2026-09-20 08:02:31 DEBUG database-service Query executed successfully
2026-09-20 08:02:32 INFO redis-service Cache warmed
2026-09-20 08:02:33 INFO notification-service Email queued
2026-09-20 08:02:34 INFO worker-service Job completed successfully
2026-09-20 08:02:35 INFO payment-service Payment gateway responded 200
2026-09-20 08:02:36 WARNING worker-service Job completed successfully
2026-09-20 08:02:37 INFO payment-service Payment captured
2026-09-20 08:02:38 INFO api-gateway Request routed successfully
2026-09-20 08:02:39 INFO scheduler-service Scheduled job completed
2026-09-20 08:02:40 INFO api-gateway Incoming request accepted
2026-09-20 08:02:41 INFO auth-service Session created
2026-09-20 08:02:42 DEBUG auth-service Session created
2026-09-20 08:02:43 WARNING database-service Connection acquired from pool
2026-09-20 08:02:44 INFO notification-service Email queued
2026-09-20 08:02:45 INFO payment-service Payment request received
2026-09-20 08:02:46 INFO user-service User profile fetched
2026-09-20 08:02:47 INFO search-service Index refreshed
2026-09-20 08:02:48 WARNING redis-service Key expired normally
2026-09-20 08:02:49 INFO monitoring-service Alert evaluated: no action
2026-09-20 08:02:50 INFO api-gateway Rate limit check passed
2026-09-20 08:02:51 INFO order-service Order status updated
2026-09-20 08:02:52 INFO payment-service Payment captured
2026-09-20 08:02:53 INFO api-gateway TLS handshake completed
2026-09-20 08:02:54 INFO order-service Order status updated
2026-09-20 08:02:55 INFO api-gateway Request routed successfully
2026-09-20 08:02:56 INFO inventory-service Inventory released
2026-09-20 08:02:57 INFO database-service Index scan completed
2026-09-20 08:02:58 WARNING order-service Order confirmed
2026-09-20 08:02:59 INFO payment-service Refund processed successfully
