2026-09-20 08:00:00 INFO auth-service Session created
2026-09-20 08:00:01 WARNING auth-service Token refreshed
2026-09-20 08:00:02 INFO auth-service Token issued
2026-09-20 08:00:03 DEBUG payment-service Payment authorized
2026-09-20 08:00:04 INFO search-service Index refreshed
2026-09-20 08:00:05 DEBUG scheduler-service Scheduled job completed
2026-09-20 08:00:06 INFO notification-service Email queued
2026-09-20 08:00:07 INFO auth-service Token issued
2026-09-20 08:00:08 INFO inventory-service Stock level checked
2026-09-20 08:00:09 DEBUG user-service User created
2026-09-20 08:00:10 DEBUG monitoring-service Metrics scraped
2026-09-20 08:00:11 INFO auth-service User authenticated successfully
2026-09-20 08:00:12 INFO worker-service Job completed successfully
2026-09-20 08:00:13 INFO database-service Index scan completed
2026-09-20 08:00:14 INFO inventory-service Inventory released
2026-09-20 08:00:15 DEBUG monitoring-service Health probe OK
2026-09-20 08:00:16 INFO scheduler-service Scheduled job started
2026-09-20 08:00:17 INFO user-service User profile fetched
2026-09-20 08:00:18 INFO auth-service User authenticated successfully
2026-09-20 08:00:19 INFO api-gateway Rate limit check passed
2026-09-20 08:00:20 INFO notification-service Email queued
2026-09-20 08:00:21 INFO database-service Query executed successfully
2026-09-20 08:00:22 DEBUG order-service Order confirmed
2026-09-20 08:00:23 INFO redis-service Cache set
2026-09-20 08:00:24 INFO api-gateway TLS handshake completed
2026-09-20 08:00:25 INFO database-service Connection acquired from pool
2026-09-20 08:00:26 DEBUG redis-service Key expired normally
2026-09-20 08:00:27 INFO user-service Profile cache warmed
2026-09-20 08:00:28 INFO api-gateway Rate limit check passed
2026-09-20 08:00:29 INFO user-service User created
2026-09-20 08:00:30 INFO notification-service Push notification sent
2026-09-20 08:00:31 INFO monitoring-service Alert evaluated: no action
2026-09-20 08:00:32 INFO monitoring-service Alert evaluated: no action
2026-09-20 08:00:33 INFO auth-service Session created
2026-09-20 08:00:34 INFO notification-service Email queued
2026-09-20 08:00:35 INFO auth-service Token issued
2026-09-20 08:00:36 INFO inventory-service Stock level checked
2026-09-20 08:00:37 INFO notification-service Push notification sent
2026-09-20 08:00:38 DEBUG api-gateway Request routed successfully
2026-09-20 08:00:39 INFO user-service User created
2026-09-20 08:00:40 INFO order-service Order status updated
2026-09-20 08:00:41 INFO inventory-service Stock level checked
2026-09-20 08:00:42 INFO payment-service Payment captured
2026-09-20 08:00:43 DEBUG redis-service Key expired normally
2026-09-20 08:00:44 INFO scheduler-service Scheduled job started
2026-09-20 08:00:45 INFO auth-service Token issued
2026-09-20 08:00:46 INFO scheduler-service Cron tick processed
2026-09-20 08:00:47 INFO api-gateway Response sent
2026-09-20 08:00:48 INFO api-gateway Request routed successfully
2026-09-20 08:00:49 INFO auth-service Session created
2026-09-20 08:00:50 INFO order-service Order confirmed
2026-09-20 08:00:51 INFO order-service Order created
2026-09-20 08:00:52 DEBUG user-service User preferences updated
2026-09-20 08:00:53 INFO inventory-service Inventory reserved
2026-09-20 08:00:54 INFO auth-service Logout successful
2026-09-20 08:00:55 INFO redis-service Cache warmed
2026-09-20 08:00:56 INFO api-gateway Rate limit check passed
2026-09-20 08:00:57 INFO auth-service Session created
2026-09-20 08:00:58 INFO api-gateway Response sent
2026-09-20 08:00:59 DEBUG notification-service Email queued
2026-09-20 08:01:00 INFO database-service Connection acquired from pool
2026-09-20 08:01:01 INFO search-service Query results returned
2026-09-20 08:01:02 INFO payment-service Payment request received
2026-09-20 08:01:03 INFO notification-service SMS delivered
2026-09-20 08:01:04 INFO database-service Index scan completed
2026-09-20 08:01:05 INFO auth-service Token refreshed
2026-09-20 08:01:06 INFO inventory-service Inventory reserved
2026-09-20 08:01:07 INFO api-gateway TLS handshake completed
2026-09-20 08:01:08 INFO notification-service Push notification sent
2026-09-20 08:01:09 INFO order-service Order shipped
2026-09-20 08:01:10 INFO user-service User profile fetched
2026-09-20 08:01:11 DEBUG notification-service SMS delivered
2026-09-20 08:01:12 INFO inventory-service Stock level checked
2026-09-20 08:01:13 INFO inventory-service Inventory reserved
2026-09-20 08:01:14 INFO api-gateway Response sent
2026-09-20 08:01:15 INFO user-service Profile cache warmed
2026-09-20 08:01:16 INFO api-gateway TLS handshake completed
2026-09-20 08:01:17 INFO database-service Index scan completed
2026-09-20 08:01:18 ERROR order-service HTTP 503 from downstream inventory-service
2026-09-20 08:01:19 ERROR order-service HTTP 503 from downstream inventory-service
2026-09-20 08:01:20 ERROR order-service HTTP 503 from downstream inventory-service
2026-09-20 08:01:21 ERROR order-service HTTP 503 from downstream inventory-service
2026-09-20 08:01:22 ERROR order-service HTTP 503 from downstream inventory-service
2026-09-20 08:01:23 DEBUG redis-service Key expired normally
2026-09-20 08:01:24 DEBUG api-gateway Incoming request accepted
2026-09-20 08:01:25 WARNING database-service Query executed successfully
2026-09-20 08:01:26 INFO payment-service Payment gateway responded 200
2026-09-20 08:01:27 DEBUG payment-service Payment authorized
2026-09-20 08:01:28 INFO database-service Index scan completed
2026-09-20 08:01:29 INFO api-gateway Rate limit check passed
2026-09-20 08:01:30 INFO worker-service Job picked up
2026-09-20 08:01:31 INFO redis-service Cache set
2026-09-20 08:01:32 WARNING user-service User created
2026-09-20 08:01:33 INFO order-service Order status updated
2026-09-20 08:01:34 DEBUG notification-service Email queued
2026-09-20 08:01:35 INFO api-gateway Rate limit check passed
2026-09-20 08:01:36 INFO auth-service Logout successful
2026-09-20 08:01:37 INFO notification-service Email queued
2026-09-20 08:01:38 INFO auth-service Logout successful
2026-09-20 08:01:39 INFO inventory-service Inventory reserved
2026-09-20 08:01:40 INFO notification-service Push notification sent
2026-09-20 08:01:41 INFO api-gateway Health check OK
2026-09-20 08:01:42 INFO database-service Query executed successfully
2026-09-20 08:01:43 INFO payment-service Payment authorized
2026-09-20 08:01:44 DEBUG payment-service Payment captured
2026-09-20 08:01:45 INFO auth-service User authenticated successfully
2026-09-20 08:01:46 WARNING database-service Query executed successfully
2026-09-20 08:01:47 INFO worker-service Job picked up
2026-09-20 08:01:48 INFO api-gateway TLS handshake completed
2026-09-20 08:01:49 INFO monitoring-service Alert evaluated: no action
2026-09-20 08:01:50 INFO database-service Transaction committed
2026-09-20 08:01:51 INFO notification-service Email queued
2026-09-20 08:01:52 INFO database-service Transaction committed
2026-09-20 08:01:53 INFO worker-service Worker heartbeat OK
2026-09-20 08:01:54 INFO api-gateway Rate limit check passed
2026-09-20 08:01:55 INFO monitoring-service Health probe OK
2026-09-20 08:01:56 INFO inventory-service Inventory released
2026-09-20 08:01:57 INFO worker-service Worker heartbeat OK
2026-09-20 08:01:58 INFO scheduler-service Scheduled job started
2026-09-20 08:01:59 INFO search-service Index refreshed
2026-09-20 08:02:00 INFO database-service Transaction committed
2026-09-20 08:02:01 DEBUG inventory-service Inventory reserved
2026-09-20 08:02:02 INFO order-service Order created
2026-09-20 08:02:03 INFO search-service Query results returned
2026-09-20 08:02:04 INFO api-gateway Health check OK
2026-09-20 08:02:05 INFO search-service Query results returned
2026-09-20 08:02:06 DEBUG payment-service Payment captured
2026-09-20 08:02:07 INFO payment-service Payment authorized
2026-09-20 08:02:08 INFO api-gateway Incoming request accepted
2026-09-20 08:02:09 INFO redis-service Cache set
2026-09-20 08:02:10 INFO scheduler-service Scheduled job started
2026-09-20 08:02:11 INFO redis-service Cache hit
2026-09-20 08:02:12 INFO worker-service Worker heartbeat OK
2026-09-20 08:02:13 INFO api-gateway Health check OK
2026-09-20 08:02:14 DEBUG auth-service Token refreshed
2026-09-20 08:02:15 INFO api-gateway Incoming request accepted
2026-09-20 08:02:16 INFO inventory-service Inventory reserved
2026-09-20 08:02:17 WARNING redis-service Key expired normally
2026-09-20 08:02:18 INFO worker-service Worker heartbeat OK
2026-09-20 08:02:19 INFO api-gateway Request routed successfully
2026-09-20 08:02:20 INFO redis-service Cache warmed
2026-09-20 08:02:21 INFO monitoring-service Alert evaluated: no action
2026-09-20 08:02:22 DEBUG search-service Index refreshed
2026-09-20 08:02:23 INFO redis-service Key expired normally
2026-09-20 08:02:24 INFO payment-service Payment gateway responded 200
2026-09-20 08:02:25 DEBUG redis-service Cache set
2026-09-20 08:02:26 INFO scheduler-service Scheduled job started
2026-09-20 08:02:27 INFO monitoring-service Alert evaluated: no action
2026-09-20 08:02:28 INFO auth-service Session created
2026-09-20 08:02:29 INFO notification-service SMS delivered
2026-09-20 08:02:30 INFO api-gateway Request routed successfully
2026-09-20 08:02:31 INFO user-service Profile cache warmed
2026-09-20 08:02:32 INFO payment-service Payment gateway responded 200
2026-09-20 08:02:33 DEBUG user-service User created
2026-09-20 08:02:34 INFO auth-service Token refreshed
2026-09-20 08:02:35 INFO redis-service Cache warmed
2026-09-20 08:02:36 INFO worker-service Job completed successfully
2026-09-20 08:02:37 INFO api-gateway TLS handshake completed
2026-09-20 08:02:38 WARNING auth-service Logout successful
2026-09-20 08:02:39 INFO user-service Profile cache warmed
2026-09-20 08:02:40 INFO search-service Query results returned
2026-09-20 08:02:41 DEBUG api-gateway Health check OK
2026-09-20 08:02:42 INFO order-service Order shipped
2026-09-20 08:02:43 WARNING search-service Index refreshed
2026-09-20 08:02:44 DEBUG notification-service Push notification sent
2026-09-20 08:02:45 INFO inventory-service Stock level checked
2026-09-20 08:02:46 INFO api-gateway Response sent
2026-09-20 08:02:47 INFO redis-service Cache hit
2026-09-20 08:02:48 INFO api-gateway Request routed successfully
2026-09-20 08:02:49 INFO search-service Search query executed
2026-09-20 08:02:50 INFO user-service User preferences updated
2026-09-20 08:02:51 INFO database-service Transaction committed
2026-09-20 08:02:52 INFO user-service User preferences updated
2026-09-20 08:02:53 INFO auth-service Logout successful
2026-09-20 08:02:54 DEBUG scheduler-service Scheduled job started
2026-09-20 08:02:55 INFO scheduler-service Scheduled job started
2026-09-20 08:02:56 DEBUG monitoring-service Metrics scraped
2026-09-20 08:02:57 INFO scheduler-service Cron tick processed
2026-09-20 08:02:58 INFO inventory-service Inventory released
2026-09-20 08:02:59 INFO api-gateway Request routed successfully
